<html>
<body>
<pre>
<h1>µVision Build Log</h1>
<h2>Tool Versions:</h2>
IDE-Version: •ÏVision V5.40.0.0
Copyright (C) 2024 ARM Ltd and ARM Germany GmbH. All rights reserved.
License Information: j sumin, knu, LIC=----
 
Tool Versions:
Toolchain:       MDK-Lite  Version: 5.40.0.3
Toolchain Path:  C:\Users\sumin\AppData\Local\Keil_v5\ARM\ARMCLANG\Bin
C Compiler:      ArmClang.exe V6.22
Assembler:       Armasm.exe V6.22
Linker/Locator:  ArmLink.exe V6.22
Library Manager: ArmAr.exe V6.22
Hex Converter:   FromElf.exe V6.22
CPU DLL:         SARMCM3.DLL V5.40.0.3
Dialog DLL:      DCM.DLL V1.17.5.0
Target DLL:      PEMicro\Pemicro_ArmCortexInterface.dll V1.3.0.0
Dialog DLL:      TCM.DLL V1.56.4.0
 
<h2>Project:</h2>
C:\uVisonProject\mp_term_project\mp_term_project.uvprojx
Project File Date:  12/13/2024

<h2>Output:</h2>
*** Using Compiler 'V6.22', folder: 'C:\Users\sumin\AppData\Local\Keil_v5\ARM\ARMCLANG\Bin'
Build target 'Target 1'
linking...
Program Size: Code=4412 RO-data=656 RW-data=36 ZI-data=3076  
".\Objects\mp_term_project.axf" - 0 Error(s), 0 Warning(s).

<h2>Software Packages used:</h2>

Package Vendor: ARM
                http://www.keil.com/pack/ARM.CMSIS.5.5.0.pack
                ARM::CMSIS@5.5.0
                CMSIS (Cortex Microcontroller Software Interface Standard)
   * Component: CORE Version: 5.2.0

Package Vendor: Keil
                https://www.keil.com/pack/Keil.S32_SDK_DFP.1.5.1.pack
                Keil::S32_SDK_DFP@1.5.1
                NXP S32 SDK S32K14x Device Support
   * Component: Startup Version: 2.0.0

<h2>Collection of Component include folders:</h2>
  ./RTE/Device/S32K144HAxxxLHx
  ./RTE/_Target_1
  C:/Users/sumin/AppData/Local/Arm/Packs/ARM/CMSIS/5.5.0/CMSIS/Core/Include
  C:/Users/sumin/AppData/Local/Arm/Packs/Keil/S32_SDK_DFP/1.5.1/platform/devices
  C:/Users/sumin/AppData/Local/Arm/Packs/Keil/S32_SDK_DFP/1.5.1/platform/devices/common

<h2>Collection of Component Files used:</h2>

   * Component: ARM::CMSIS:CORE@5.2.0

   * Component: Keil::Device:Startup@2.0.0
      Source file:   platform/devices/S32K144/startup/armc/startup_S32K144.S
      Source file:   platform/devices/S32K144/startup/system_S32K144.c
      Include file:  platform/devices/S32K144/startup/system_S32K144.h
      Source file:   platform/devices/startup.c
      Include file:  platform/devices/device_registers.h
Build Time Elapsed:  00:00:00
</pre>
</body>
</html>
