Component: Arm Compiler for Embedded 6.22 Tool: armlink [5ee90200]

==============================================================================

Section Cross References

    t.o(.ARM.exidx.text.PORT_init) refers to t.o(.text.PORT_init) for [Anonymous Symbol]
    t.o(.ARM.exidx.text.WDOG_disable) refers to t.o(.text.WDOG_disable) for [Anonymous Symbol]
    t.o(.ARM.exidx.text.LPIT0_init) refers to t.o(.text.LPIT0_init) for [Anonymous Symbol]
    t.o(.text.delay_ms) refers to t.o(.text.LPIT0_init) for LPIT0_init
    t.o(.text.delay_ms) refers to t.o(.bss.lpit0_ch0_flag_counter) for lpit0_ch0_flag_counter
    t.o(.ARM.exidx.text.delay_ms) refers to t.o(.text.delay_ms) for [Anonymous Symbol]
    t.o(.ARM.exidx.text.NVIC_init_IRQs) refers to t.o(.text.NVIC_init_IRQs) for [Anonymous Symbol]
    t.o(.text.PORTC_IRQHandler) refers to t.o(.data.inter) for inter
    t.o(.text.PORTC_IRQHandler) refers to t.o(.bss.External_PIN) for External_PIN
    t.o(.text.PORTC_IRQHandler) refers to t.o(.bss.num) for num
    t.o(.ARM.exidx.text.PORTC_IRQHandler) refers to t.o(.text.PORTC_IRQHandler) for [Anonymous Symbol]
    t.o(.text.setNum) refers to t.o(.data.fnd_sel) for fnd_sel
    t.o(.text.setNum) refers to t.o(.data.fnd_data) for fnd_data
    t.o(.text.setNum) refers to t.o(.text.delay_ms) for delay_ms
    t.o(.ARM.exidx.text.setNum) refers to t.o(.text.setNum) for [Anonymous Symbol]
    t.o(.text.main) refers to t.o(.text.WDOG_disable) for WDOG_disable
    t.o(.text.main) refers to t.o(.text.PORT_init) for PORT_init
    t.o(.text.main) refers to clocks_and_modes.o(.text.SOSC_init_8MHz) for SOSC_init_8MHz
    t.o(.text.main) refers to clocks_and_modes.o(.text.SPLL_init_160MHz) for SPLL_init_160MHz
    t.o(.text.main) refers to clocks_and_modes.o(.text.NormalRUNmode_80MHz) for NormalRUNmode_80MHz
    t.o(.text.main) refers to t.o(.text.NVIC_init_IRQs) for NVIC_init_IRQs
    t.o(.text.main) refers to t.o(.text.delay_ms) for delay_ms
    t.o(.ARM.exidx.text.main) refers to t.o(.text.main) for [Anonymous Symbol]
    clocks_and_modes.o(.ARM.exidx.text.SOSC_init_8MHz) refers to clocks_and_modes.o(.text.SOSC_init_8MHz) for [Anonymous Symbol]
    clocks_and_modes.o(.ARM.exidx.text.SPLL_init_160MHz) refers to clocks_and_modes.o(.text.SPLL_init_160MHz) for [Anonymous Symbol]
    clocks_and_modes.o(.ARM.exidx.text.NormalRUNmode_80MHz) refers to clocks_and_modes.o(.text.NormalRUNmode_80MHz) for [Anonymous Symbol]
    startup.o(.text.init_data_bss) refers to startup_s32k144.o(.text) for __RAM_VECTOR_TABLE_SIZE
    startup.o(.text.init_data_bss) refers to startup.o(.rodata.s_vectors) for s_vectors
    startup.o(.ARM.exidx.text.init_data_bss) refers to startup.o(.text.init_data_bss) for [Anonymous Symbol]
    startup_s32k144.o(.text) refers (Special) to t.o(.text.main) for main
    startup_s32k144.o(.text) refers to startup_s32k144.o(FlashConfig) for FlashConfig
    startup_s32k144.o(.text) refers to startup_s32k144.o(RESET) for __Vectors
    startup_s32k144.o(.text) refers to system_s32k144.o(.text.SystemInit) for SystemInit
    startup_s32k144.o(.text) refers to startup.o(.text.init_data_bss) for init_data_bss
    startup_s32k144.o(.text) refers to __main.o(!!!main) for __main
    startup_s32k144.o(RESET) refers (Special) to t.o(.text.main) for main
    startup_s32k144.o(RESET) refers to startup_s32k144.o(.text) for Reset_Handler
    startup_s32k144.o(RESET) refers to t.o(.text.PORTC_IRQHandler) for PORTC_IRQHandler
    startup_s32k144.o(FlashConfig) refers (Special) to t.o(.text.main) for main
    system_s32k144.o(.ARM.exidx.text.SystemInit) refers to system_s32k144.o(.text.SystemInit) for [Anonymous Symbol]
    system_s32k144.o(.text.SystemCoreClockUpdate) refers to system_s32k144.o(.rodata.SystemCoreClockUpdate.fircFreq) for SystemCoreClockUpdate.fircFreq
    system_s32k144.o(.text.SystemCoreClockUpdate) refers to system_s32k144.o(.data.SystemCoreClock) for SystemCoreClock
    system_s32k144.o(.ARM.exidx.text.SystemCoreClockUpdate) refers to system_s32k144.o(.text.SystemCoreClockUpdate) for [Anonymous Symbol]
    system_s32k144.o(.ARM.exidx.text.SystemSoftwareReset) refers to system_s32k144.o(.text.SystemSoftwareReset) for [Anonymous Symbol]
    __main.o(!!!main) refers to __rtentry.o(.ARM.Collect$$rtentry$$00000000) for __rt_entry
    __rtentry.o(.ARM.Collect$$rtentry$$00000000) refers (Special) to __rtentry2.o(.ARM.Collect$$rtentry$$0000000A) for __rt_entry_li
    __rtentry.o(.ARM.Collect$$rtentry$$00000000) refers (Special) to __rtentry2.o(.ARM.Collect$$rtentry$$0000000D) for __rt_entry_main
    __rtentry.o(.ARM.Collect$$rtentry$$00000000) refers (Special) to __rtentry2.o(.ARM.Collect$$rtentry$$0000000C) for __rt_entry_postli_1
    __rtentry.o(.ARM.Collect$$rtentry$$00000000) refers (Special) to __rtentry2.o(.ARM.Collect$$rtentry$$00000009) for __rt_entry_postsh_1
    __rtentry.o(.ARM.Collect$$rtentry$$00000000) refers (Special) to __rtentry2.o(.ARM.Collect$$rtentry$$00000002) for __rt_entry_presh_1
    __rtentry.o(.ARM.Collect$$rtentry$$00000000) refers (Special) to __rtentry7.o(.ARM.Collect$$rtentry$$00000007) for __rt_entry_sh
    __rtentry2.o(.ARM.Collect$$rtentry$$00000008) refers to boardinit2.o(.text) for _platform_post_stackheap_init
    __rtentry2.o(.ARM.Collect$$rtentry$$0000000A) refers to libinit.o(.ARM.Collect$$libinit$$00000000) for __rt_lib_init
    __rtentry2.o(.ARM.Collect$$rtentry$$0000000B) refers to boardinit3.o(.text) for _platform_post_lib_init
    __rtentry2.o(.ARM.Collect$$rtentry$$0000000D) refers to t.o(.text.main) for main
    __rtentry2.o(.ARM.Collect$$rtentry$$0000000D) refers to exit.o(.text) for exit
    __rtentry2.o(.ARM.exidx) refers to __rtentry2.o(.ARM.Collect$$rtentry$$00000001) for .ARM.Collect$$rtentry$$00000001
    __rtentry2.o(.ARM.exidx) refers to __rtentry2.o(.ARM.Collect$$rtentry$$00000008) for .ARM.Collect$$rtentry$$00000008
    __rtentry2.o(.ARM.exidx) refers to __rtentry2.o(.ARM.Collect$$rtentry$$0000000A) for .ARM.Collect$$rtentry$$0000000A
    __rtentry2.o(.ARM.exidx) refers to __rtentry2.o(.ARM.Collect$$rtentry$$0000000B) for .ARM.Collect$$rtentry$$0000000B
    __rtentry2.o(.ARM.exidx) refers to __rtentry2.o(.ARM.Collect$$rtentry$$0000000D) for .ARM.Collect$$rtentry$$0000000D
    __rtentry4.o(.ARM.Collect$$rtentry$$00000004) refers to sys_stackheap_outer.o(.text) for __user_setup_stackheap
    __rtentry4.o(.ARM.exidx) refers to __rtentry4.o(.ARM.Collect$$rtentry$$00000004) for .ARM.Collect$$rtentry$$00000004
    __rtentry7.o(.ARM.Collect$$rtentry$$00000007) refers to __rtentry7.o(.ARM.Collect$$rtentry$$00002718) for __lit__00000000
    __rtentry7.o(__vectab_stack_and_reset_2_area) refers to __main.o(!!!main) for __main
    __rtentry7.o(.ARM.exidx) refers to __rtentry7.o(.ARM.Collect$$rtentry$$00000007) for .ARM.Collect$$rtentry$$00000007
    __rtentry7.o(.ARM.exidx) refers to __rtentry7.o(.ARM.Collect$$rtentry$$00002718) for .ARM.Collect$$rtentry$$00002718
    sys_stackheap_outer.o(.text) refers to libspace.o(.text) for __user_perproc_libspace
    sys_stackheap_outer.o(.text) refers to sys_stackheap.o(.text) for __user_initial_stackheap
    exit.o(.text) refers to rtexit.o(.ARM.Collect$$rtexit$$00000000) for __rt_exit
    libinit.o(.ARM.Collect$$libinit$$00000000) refers (Special) to libinit2.o(.ARM.Collect$$libinit$$00000030) for __rt_lib_init_alloca_1
    libinit.o(.ARM.Collect$$libinit$$00000000) refers (Special) to libinit2.o(.ARM.Collect$$libinit$$0000002E) for __rt_lib_init_argv_1
    libinit.o(.ARM.Collect$$libinit$$00000000) refers (Special) to libinit2.o(.ARM.Collect$$libinit$$0000001D) for __rt_lib_init_atexit_1
    libinit.o(.ARM.Collect$$libinit$$00000000) refers (Special) to libinit2.o(.ARM.Collect$$libinit$$00000023) for __rt_lib_init_clock_1
    libinit.o(.ARM.Collect$$libinit$$00000000) refers (Special) to libinit2.o(.ARM.Collect$$libinit$$00000034) for __rt_lib_init_cpp_1
    libinit.o(.ARM.Collect$$libinit$$00000000) refers (Special) to libinit2.o(.ARM.Collect$$libinit$$00000032) for __rt_lib_init_exceptions_1
    libinit.o(.ARM.Collect$$libinit$$00000000) refers (Special) to libinit2.o(.ARM.Collect$$libinit$$00000001) for __rt_lib_init_fp_1
    libinit.o(.ARM.Collect$$libinit$$00000000) refers (Special) to libinit2.o(.ARM.Collect$$libinit$$00000021) for __rt_lib_init_fp_trap_1
    libinit.o(.ARM.Collect$$libinit$$00000000) refers (Special) to libinit2.o(.ARM.Collect$$libinit$$00000025) for __rt_lib_init_getenv_1
    libinit.o(.ARM.Collect$$libinit$$00000000) refers (Special) to libinit2.o(.ARM.Collect$$libinit$$0000000C) for __rt_lib_init_heap_1
    libinit.o(.ARM.Collect$$libinit$$00000000) refers (Special) to libinit2.o(.ARM.Collect$$libinit$$00000013) for __rt_lib_init_lc_collate_1
    libinit.o(.ARM.Collect$$libinit$$00000000) refers (Special) to libinit2.o(.ARM.Collect$$libinit$$00000015) for __rt_lib_init_lc_ctype_1
    libinit.o(.ARM.Collect$$libinit$$00000000) refers (Special) to libinit2.o(.ARM.Collect$$libinit$$00000017) for __rt_lib_init_lc_monetary_1
    libinit.o(.ARM.Collect$$libinit$$00000000) refers (Special) to libinit2.o(.ARM.Collect$$libinit$$00000019) for __rt_lib_init_lc_numeric_1
    libinit.o(.ARM.Collect$$libinit$$00000000) refers (Special) to libinit2.o(.ARM.Collect$$libinit$$0000001B) for __rt_lib_init_lc_time_1
    libinit.o(.ARM.Collect$$libinit$$00000000) refers (Special) to libinit2.o(.ARM.Collect$$libinit$$00000006) for __rt_lib_init_preinit_1
    libinit.o(.ARM.Collect$$libinit$$00000000) refers (Special) to libinit2.o(.ARM.Collect$$libinit$$00000010) for __rt_lib_init_rand_1
    libinit.o(.ARM.Collect$$libinit$$00000000) refers (Special) to libinit2.o(.ARM.Collect$$libinit$$00000004) for __rt_lib_init_relocate_pie_1
    libinit.o(.ARM.Collect$$libinit$$00000000) refers (Special) to libinit2.o(.ARM.Collect$$libinit$$00000035) for __rt_lib_init_return
    libinit.o(.ARM.Collect$$libinit$$00000000) refers (Special) to libinit2.o(.ARM.Collect$$libinit$$0000001F) for __rt_lib_init_signal_1
    libinit.o(.ARM.Collect$$libinit$$00000000) refers (Special) to libinit2.o(.ARM.Collect$$libinit$$00000027) for __rt_lib_init_stdio_1
    libinit.o(.ARM.Collect$$libinit$$00000000) refers (Special) to libinit2.o(.ARM.Collect$$libinit$$0000000E) for __rt_lib_init_user_alloc_1
    libspace.o(.text) refers to libspace.o(.bss) for __libspace_start
    sys_stackheap.o(.text) refers (Special) to indicate_semi.o(.text) for __semihosting_library_function
    sys_stackheap.o(.text) refers to use_no_semi.o(.text) for __I$use$semihosting
    sys_stackheap_hlt.o(.text) refers (Special) to indicate_semi.o(.text) for __semihosting_library_function
    sys_stackheap_hlt.o(.text) refers to use_no_semi.o(.text) for __I$use$semihosting
    rtexit.o(.ARM.Collect$$rtexit$$00000000) refers (Special) to rtexit2.o(.ARM.Collect$$rtexit$$00000004) for __rt_exit_exit
    rtexit.o(.ARM.Collect$$rtexit$$00000000) refers (Special) to rtexit2.o(.ARM.Collect$$rtexit$$00000003) for __rt_exit_ls
    rtexit.o(.ARM.Collect$$rtexit$$00000000) refers (Special) to rtexit2.o(.ARM.Collect$$rtexit$$00000002) for __rt_exit_prels_1
    rtexit.o(.ARM.exidx) refers (Special) to rtexit2.o(.ARM.Collect$$rtexit$$00000004) for __rt_exit_exit
    rtexit.o(.ARM.exidx) refers (Special) to rtexit2.o(.ARM.Collect$$rtexit$$00000003) for __rt_exit_ls
    rtexit.o(.ARM.exidx) refers (Special) to rtexit2.o(.ARM.Collect$$rtexit$$00000002) for __rt_exit_prels_1
    rtexit.o(.ARM.exidx) refers to rtexit.o(.ARM.Collect$$rtexit$$00000000) for .ARM.Collect$$rtexit$$00000000
    libinit2.o(.ARM.Collect$$libinit$$00000001) refers to fpinit.o(x$fpl$fpinit) for _fp_init
    libinit2.o(.ARM.Collect$$libinit$$00000012) refers to libinit2.o(.ARM.Collect$$libinit$$00000011) for .ARM.Collect$$libinit$$00000011
    libinit2.o(.ARM.Collect$$libinit$$00000014) refers to libinit2.o(.ARM.Collect$$libinit$$00000011) for .ARM.Collect$$libinit$$00000011
    libinit2.o(.ARM.Collect$$libinit$$00000016) refers to libinit2.o(.ARM.Collect$$libinit$$00000011) for .ARM.Collect$$libinit$$00000011
    libinit2.o(.ARM.Collect$$libinit$$00000018) refers to libinit2.o(.ARM.Collect$$libinit$$00000011) for .ARM.Collect$$libinit$$00000011
    libinit2.o(.ARM.Collect$$libinit$$0000001A) refers to libinit2.o(.ARM.Collect$$libinit$$00000011) for .ARM.Collect$$libinit$$00000011
    libinit2.o(.ARM.Collect$$libinit$$00000028) refers to argv_veneer.o(.emb_text) for __ARM_argv_veneer
    libinit2.o(.ARM.Collect$$libinit$$00000029) refers to argv_veneer.o(.emb_text) for __ARM_argv_veneer
    libinit5.o(.ARM.Collect$$libinit$$0000000A) refers to libinit5.o(.ARM.Collect$$libinit$$0000271B) for __lit__00000000
    libinit5.o(.ARM.Collect$$libinit$$0000002C) refers to libinit5.o(.ARM.Collect$$libinit$$0000273D) for __lit__00000002
    libinit5.o(.ARM.Collect$$libinit$$0000002C) refers to argv_veneer.o(.emb_text) for __ARM_argv_veneer
    rtexit2.o(.ARM.Collect$$rtexit$$00000003) refers to libshutdown.o(.ARM.Collect$$libshutdown$$00000000) for __rt_lib_shutdown
    rtexit2.o(.ARM.Collect$$rtexit$$00000004) refers to sys_exit.o(.text) for _sys_exit
    rtexit2.o(.ARM.exidx) refers to rtexit2.o(.ARM.Collect$$rtexit$$00000001) for .ARM.Collect$$rtexit$$00000001
    rtexit2.o(.ARM.exidx) refers to rtexit2.o(.ARM.Collect$$rtexit$$00000003) for .ARM.Collect$$rtexit$$00000003
    rtexit2.o(.ARM.exidx) refers to rtexit2.o(.ARM.Collect$$rtexit$$00000004) for .ARM.Collect$$rtexit$$00000004
    argv_veneer.o(.emb_text) refers to no_argv.o(.text) for __ARM_get_argv
    sys_exit.o(.text) refers (Special) to use_no_semi.o(.text) for __I$use$semihosting
    sys_exit.o(.text) refers (Special) to indicate_semi.o(.text) for __semihosting_library_function
    sys_exit_hlt.o(.text) refers (Special) to use_no_semi.o(.text) for __I$use$semihosting
    sys_exit_hlt.o(.text) refers (Special) to indicate_semi.o(.text) for __semihosting_library_function
    _get_argv_nomalloc.o(.text) refers (Special) to hrguard.o(.text) for __heap_region$guard
    _get_argv_nomalloc.o(.text) refers to defsig_rtmem_outer.o(.text) for __rt_SIGRTMEM
    _get_argv_nomalloc.o(.text) refers to sys_command.o(.text) for _sys_command_string
    libshutdown.o(.ARM.Collect$$libshutdown$$00000000) refers (Special) to libshutdown2.o(.ARM.Collect$$libshutdown$$00000002) for __rt_lib_shutdown_cpp_1
    libshutdown.o(.ARM.Collect$$libshutdown$$00000000) refers (Special) to libshutdown2.o(.ARM.Collect$$libshutdown$$00000007) for __rt_lib_shutdown_fp_trap_1
    libshutdown.o(.ARM.Collect$$libshutdown$$00000000) refers (Special) to libshutdown2.o(.ARM.Collect$$libshutdown$$0000000F) for __rt_lib_shutdown_heap_1
    libshutdown.o(.ARM.Collect$$libshutdown$$00000000) refers (Special) to libshutdown2.o(.ARM.Collect$$libshutdown$$00000010) for __rt_lib_shutdown_return
    libshutdown.o(.ARM.Collect$$libshutdown$$00000000) refers (Special) to libshutdown2.o(.ARM.Collect$$libshutdown$$0000000A) for __rt_lib_shutdown_signal_1
    libshutdown.o(.ARM.Collect$$libshutdown$$00000000) refers (Special) to libshutdown2.o(.ARM.Collect$$libshutdown$$00000004) for __rt_lib_shutdown_stdio_1
    libshutdown.o(.ARM.Collect$$libshutdown$$00000000) refers (Special) to libshutdown2.o(.ARM.Collect$$libshutdown$$0000000C) for __rt_lib_shutdown_user_alloc_1
    sys_command.o(.text) refers (Special) to use_no_semi.o(.text) for __I$use$semihosting
    sys_command.o(.text) refers (Special) to indicate_semi.o(.text) for __semihosting_library_function
    sys_command_hlt.o(.text) refers (Special) to use_no_semi.o(.text) for __I$use$semihosting
    sys_command_hlt.o(.text) refers (Special) to indicate_semi.o(.text) for __semihosting_library_function
    defsig_rtmem_outer.o(.text) refers to defsig_rtmem_inner.o(.text) for __rt_SIGRTMEM_inner
    defsig_rtmem_outer.o(.text) refers to defsig_exit.o(.text) for __sig_exit
    defsig_rtmem_formal.o(.text) refers to rt_raise.o(.text) for __rt_raise
    rt_raise.o(.text) refers to __raise.o(.text) for __raise
    rt_raise.o(.text) refers to sys_exit.o(.text) for _sys_exit
    defsig_exit.o(.text) refers to sys_exit.o(.text) for _sys_exit
    defsig_rtmem_inner.o(.text) refers to defsig_general.o(.text) for __default_signal_display
    __raise.o(.text) refers to defsig.o(CL$$defsig) for __default_signal_handler
    defsig_general.o(.text) refers to sys_wrch.o(.text) for _ttywrch
    sys_wrch.o(.text) refers (Special) to use_no_semi.o(.text) for __I$use$semihosting
    sys_wrch.o(.text) refers (Special) to indicate_semi.o(.text) for __semihosting_library_function
    sys_wrch_hlt.o(.text) refers (Special) to use_no_semi.o(.text) for __I$use$semihosting
    sys_wrch_hlt.o(.text) refers (Special) to indicate_semi.o(.text) for __semihosting_library_function
    defsig.o(CL$$defsig) refers to defsig_rtmem_inner.o(.text) for __rt_SIGRTMEM_inner
    defsig_abrt_inner.o(.text) refers to defsig_general.o(.text) for __default_signal_display
    defsig_fpe_inner.o(.text) refers to defsig_general.o(.text) for __default_signal_display
    defsig_rtred_inner.o(.text) refers to defsig_general.o(.text) for __default_signal_display
    defsig_stak_inner.o(.text) refers to defsig_general.o(.text) for __default_signal_display
    defsig_pvfn_inner.o(.text) refers to defsig_general.o(.text) for __default_signal_display
    defsig_cppl_inner.o(.text) refers to defsig_general.o(.text) for __default_signal_display
    defsig_segv_inner.o(.text) refers to defsig_general.o(.text) for __default_signal_display
    defsig_other.o(.text) refers to defsig_general.o(.text) for __default_signal_display


==============================================================================

Removing Unused input sections from the image.

    Removing t.o(.text), (0 bytes).
    Removing t.o(.ARM.exidx.text.PORT_init), (8 bytes).
    Removing t.o(.ARM.exidx.text.WDOG_disable), (8 bytes).
    Removing t.o(.ARM.exidx.text.LPIT0_init), (8 bytes).
    Removing t.o(.ARM.exidx.text.delay_ms), (8 bytes).
    Removing t.o(.ARM.exidx.text.NVIC_init_IRQs), (8 bytes).
    Removing t.o(.ARM.exidx.text.PORTC_IRQHandler), (8 bytes).
    Removing t.o(.text.setNum), (80 bytes).
    Removing t.o(.ARM.exidx.text.setNum), (8 bytes).
    Removing t.o(.ARM.exidx.text.main), (8 bytes).
    Removing t.o(.data.fnd_data), (40 bytes).
    Removing t.o(.data.fnd_sel), (16 bytes).
    Removing t.o(.data.segment), (28 bytes).
    Removing t.o(.data.com), (16 bytes).
    Removing t.o(.ARM.use_no_argv), (4 bytes).
    Removing clocks_and_modes.o(.text), (0 bytes).
    Removing clocks_and_modes.o(.ARM.exidx.text.SOSC_init_8MHz), (8 bytes).
    Removing clocks_and_modes.o(.ARM.exidx.text.SPLL_init_160MHz), (8 bytes).
    Removing clocks_and_modes.o(.ARM.exidx.text.NormalRUNmode_80MHz), (8 bytes).
    Removing startup.o(.text), (0 bytes).
    Removing startup.o(.ARM.exidx.text.init_data_bss), (8 bytes).
    Removing system_s32k144.o(.text), (0 bytes).
    Removing system_s32k144.o(.ARM.exidx.text.SystemInit), (8 bytes).
    Removing system_s32k144.o(.text.SystemCoreClockUpdate), (254 bytes).
    Removing system_s32k144.o(.ARM.exidx.text.SystemCoreClockUpdate), (8 bytes).
    Removing system_s32k144.o(.text.SystemSoftwareReset), (48 bytes).
    Removing system_s32k144.o(.ARM.exidx.text.SystemSoftwareReset), (8 bytes).
    Removing system_s32k144.o(.data.SystemCoreClock), (4 bytes).
    Removing system_s32k144.o(.rodata.SystemCoreClockUpdate.fircFreq), (4 bytes).

29 unused section(s) (total 614 bytes) removed from the image.

==============================================================================

Image Symbol Table

    Local Symbols

    Symbol Name                              Value     Ov Type        Size  Object(Section)

    ../clib/angel/boardlib.s                 0x00000000   Number         0  boardinit1.o ABSOLUTE
    ../clib/angel/boardlib.s                 0x00000000   Number         0  boardinit2.o ABSOLUTE
    ../clib/angel/boardlib.s                 0x00000000   Number         0  boardinit3.o ABSOLUTE
    ../clib/angel/boardlib.s                 0x00000000   Number         0  boardshut.o ABSOLUTE
    ../clib/angel/handlers.s                 0x00000000   Number         0  __scatter_copy.o ABSOLUTE
    ../clib/angel/handlers.s                 0x00000000   Number         0  __scatter_zi.o ABSOLUTE
    ../clib/angel/kernel.s                   0x00000000   Number         0  __rtentry.o ABSOLUTE
    ../clib/angel/kernel.s                   0x00000000   Number         0  __rtentry2.o ABSOLUTE
    ../clib/angel/kernel.s                   0x00000000   Number         0  __rtentry4.o ABSOLUTE
    ../clib/angel/kernel.s                   0x00000000   Number         0  __rtentry7.o ABSOLUTE
    ../clib/angel/kernel.s                   0x00000000   Number         0  rtexit.o ABSOLUTE
    ../clib/angel/kernel.s                   0x00000000   Number         0  rtexit2.o ABSOLUTE
    ../clib/angel/rt.s                       0x00000000   Number         0  rt_raise.o ABSOLUTE
    ../clib/angel/scatter.s                  0x00000000   Number         0  __scatter.o ABSOLUTE
    ../clib/angel/startup.s                  0x00000000   Number         0  __main.o ABSOLUTE
    ../clib/angel/sys.s                      0x00000000   Number         0  sys_stackheap_outer.o ABSOLUTE
    ../clib/angel/sys.s                      0x00000000   Number         0  libspace.o ABSOLUTE
    ../clib/angel/sys.s                      0x00000000   Number         0  sys_stackheap.o ABSOLUTE
    ../clib/angel/sys.s                      0x00000000   Number         0  sys_stackheap_hlt.o ABSOLUTE
    ../clib/angel/sys.s                      0x00000000   Number         0  use_no_semi.o ABSOLUTE
    ../clib/angel/sys.s                      0x00000000   Number         0  indicate_semi.o ABSOLUTE
    ../clib/angel/sysapp.c                   0x00000000   Number         0  sys_exit.o ABSOLUTE
    ../clib/angel/sysapp.c                   0x00000000   Number         0  sys_exit_hlt.o ABSOLUTE
    ../clib/angel/sysapp.c                   0x00000000   Number         0  sys_command.o ABSOLUTE
    ../clib/angel/sysapp.c                   0x00000000   Number         0  sys_command_hlt.o ABSOLUTE
    ../clib/angel/sysapp.c                   0x00000000   Number         0  sys_wrch.o ABSOLUTE
    ../clib/angel/sysapp.c                   0x00000000   Number         0  sys_wrch_hlt.o ABSOLUTE
    ../clib/armsys.c                         0x00000000   Number         0  argv_veneer.o ABSOLUTE
    ../clib/armsys.c                         0x00000000   Number         0  argv_veneer.o ABSOLUTE
    ../clib/armsys.c                         0x00000000   Number         0  _get_argv_nomalloc.o ABSOLUTE
    ../clib/armsys.c                         0x00000000   Number         0  no_argv.o ABSOLUTE
    ../clib/heapalloc.c                      0x00000000   Number         0  hrguard.o ABSOLUTE
    ../clib/libinit.s                        0x00000000   Number         0  libinit.o ABSOLUTE
    ../clib/libinit.s                        0x00000000   Number         0  libinit2.o ABSOLUTE
    ../clib/libinit.s                        0x00000000   Number         0  libinit5.o ABSOLUTE
    ../clib/libinit.s                        0x00000000   Number         0  libshutdown.o ABSOLUTE
    ../clib/libinit.s                        0x00000000   Number         0  libshutdown2.o ABSOLUTE
    ../clib/signal.c                         0x00000000   Number         0  defsig_rtmem_outer.o ABSOLUTE
    ../clib/signal.c                         0x00000000   Number         0  defsig_rtmem_formal.o ABSOLUTE
    ../clib/signal.c                         0x00000000   Number         0  defsig_exit.o ABSOLUTE
    ../clib/signal.c                         0x00000000   Number         0  defsig_rtmem_inner.o ABSOLUTE
    ../clib/signal.c                         0x00000000   Number         0  __raise.o ABSOLUTE
    ../clib/signal.c                         0x00000000   Number         0  defsig_general.o ABSOLUTE
    ../clib/signal.c                         0x00000000   Number         0  defsig_abrt_inner.o ABSOLUTE
    ../clib/signal.c                         0x00000000   Number         0  defsig_fpe_inner.o ABSOLUTE
    ../clib/signal.c                         0x00000000   Number         0  defsig_rtred_inner.o ABSOLUTE
    ../clib/signal.c                         0x00000000   Number         0  defsig_stak_inner.o ABSOLUTE
    ../clib/signal.c                         0x00000000   Number         0  defsig_pvfn_inner.o ABSOLUTE
    ../clib/signal.c                         0x00000000   Number         0  defsig_cppl_inner.o ABSOLUTE
    ../clib/signal.c                         0x00000000   Number         0  defsig_segv_inner.o ABSOLUTE
    ../clib/signal.c                         0x00000000   Number         0  defsig_other.o ABSOLUTE
    ../clib/signal.s                         0x00000000   Number         0  defsig.o ABSOLUTE
    ../clib/stdlib.c                         0x00000000   Number         0  exit.o ABSOLUTE
    ../fplib/fpinit.s                        0x00000000   Number         0  fpinit.o ABSOLUTE
    RTE\Device\S32K144HAxxxLHx\startup_S32K144.S 0x00000000   Number         0  startup_s32k144.o ABSOLUTE
    clocks_and_modes.c                       0x00000000   Number         0  clocks_and_modes.o ABSOLUTE
    dc.s                                     0x00000000   Number         0  dc.o ABSOLUTE
    startup.c                                0x00000000   Number         0  startup.o ABSOLUTE
    system_S32K144.c                         0x00000000   Number         0  system_s32k144.o ABSOLUTE
    t.c                                      0x00000000   Number         0  t.o ABSOLUTE
    RESET                                    0x00000000   Section      560  startup_s32k144.o(RESET)
    FlashConfig                              0x00000400   Section       16  startup_s32k144.o(FlashConfig)
    s_vectors                                0x00000410   Data           4  startup.o(.rodata.s_vectors)
    [Anonymous Symbol]                       0x00000410   Section        0  startup.o(.rodata.s_vectors)
    !!!main                                  0x00000414   Section        8  __main.o(!!!main)
    !!!scatter                               0x0000041c   Section       92  __scatter.o(!!!scatter)
    !!handler_copy                           0x00000478   Section       26  __scatter_copy.o(!!handler_copy)
    !!handler_null                           0x00000494   Section        2  __scatter.o(!!handler_null)
    !!handler_zi                             0x00000498   Section       28  __scatter_zi.o(!!handler_zi)
    .ARM.Collect$$libinit$$00000000          0x000004b4   Section        2  libinit.o(.ARM.Collect$$libinit$$00000000)
    .ARM.Collect$$libinit$$00000001          0x000004b6   Section        4  libinit2.o(.ARM.Collect$$libinit$$00000001)
    .ARM.Collect$$libinit$$00000004          0x000004ba   Section        0  libinit2.o(.ARM.Collect$$libinit$$00000004)
    .ARM.Collect$$libinit$$00000006          0x000004ba   Section        0  libinit2.o(.ARM.Collect$$libinit$$00000006)
    .ARM.Collect$$libinit$$0000000C          0x000004ba   Section        0  libinit2.o(.ARM.Collect$$libinit$$0000000C)
    .ARM.Collect$$libinit$$0000000E          0x000004ba   Section        0  libinit2.o(.ARM.Collect$$libinit$$0000000E)
    .ARM.Collect$$libinit$$00000010          0x000004ba   Section        0  libinit2.o(.ARM.Collect$$libinit$$00000010)
    .ARM.Collect$$libinit$$00000013          0x000004ba   Section        0  libinit2.o(.ARM.Collect$$libinit$$00000013)
    .ARM.Collect$$libinit$$00000015          0x000004ba   Section        0  libinit2.o(.ARM.Collect$$libinit$$00000015)
    .ARM.Collect$$libinit$$00000017          0x000004ba   Section        0  libinit2.o(.ARM.Collect$$libinit$$00000017)
    .ARM.Collect$$libinit$$00000019          0x000004ba   Section        0  libinit2.o(.ARM.Collect$$libinit$$00000019)
    .ARM.Collect$$libinit$$0000001B          0x000004ba   Section        0  libinit2.o(.ARM.Collect$$libinit$$0000001B)
    .ARM.Collect$$libinit$$0000001D          0x000004ba   Section        0  libinit2.o(.ARM.Collect$$libinit$$0000001D)
    .ARM.Collect$$libinit$$0000001F          0x000004ba   Section        0  libinit2.o(.ARM.Collect$$libinit$$0000001F)
    .ARM.Collect$$libinit$$00000021          0x000004ba   Section        0  libinit2.o(.ARM.Collect$$libinit$$00000021)
    .ARM.Collect$$libinit$$00000023          0x000004ba   Section        0  libinit2.o(.ARM.Collect$$libinit$$00000023)
    .ARM.Collect$$libinit$$00000025          0x000004ba   Section        0  libinit2.o(.ARM.Collect$$libinit$$00000025)
    .ARM.Collect$$libinit$$00000027          0x000004ba   Section        0  libinit2.o(.ARM.Collect$$libinit$$00000027)
    .ARM.Collect$$libinit$$0000002E          0x000004ba   Section        0  libinit2.o(.ARM.Collect$$libinit$$0000002E)
    .ARM.Collect$$libinit$$00000030          0x000004ba   Section        0  libinit2.o(.ARM.Collect$$libinit$$00000030)
    .ARM.Collect$$libinit$$00000032          0x000004ba   Section        0  libinit2.o(.ARM.Collect$$libinit$$00000032)
    .ARM.Collect$$libinit$$00000034          0x000004ba   Section        0  libinit2.o(.ARM.Collect$$libinit$$00000034)
    .ARM.Collect$$libinit$$00000035          0x000004ba   Section        2  libinit2.o(.ARM.Collect$$libinit$$00000035)
    .ARM.Collect$$libshutdown$$00000000      0x000004bc   Section        2  libshutdown.o(.ARM.Collect$$libshutdown$$00000000)
    .ARM.Collect$$libshutdown$$00000002      0x000004be   Section        0  libshutdown2.o(.ARM.Collect$$libshutdown$$00000002)
    .ARM.Collect$$libshutdown$$00000004      0x000004be   Section        0  libshutdown2.o(.ARM.Collect$$libshutdown$$00000004)
    .ARM.Collect$$libshutdown$$00000007      0x000004be   Section        0  libshutdown2.o(.ARM.Collect$$libshutdown$$00000007)
    .ARM.Collect$$libshutdown$$0000000A      0x000004be   Section        0  libshutdown2.o(.ARM.Collect$$libshutdown$$0000000A)
    .ARM.Collect$$libshutdown$$0000000C      0x000004be   Section        0  libshutdown2.o(.ARM.Collect$$libshutdown$$0000000C)
    .ARM.Collect$$libshutdown$$0000000F      0x000004be   Section        0  libshutdown2.o(.ARM.Collect$$libshutdown$$0000000F)
    .ARM.Collect$$libshutdown$$00000010      0x000004be   Section        2  libshutdown2.o(.ARM.Collect$$libshutdown$$00000010)
    .ARM.Collect$$rtentry$$00000000          0x000004c0   Section        0  __rtentry.o(.ARM.Collect$$rtentry$$00000000)
    .ARM.Collect$$rtentry$$00000002          0x000004c0   Section        0  __rtentry2.o(.ARM.Collect$$rtentry$$00000002)
    .ARM.Collect$$rtentry$$00000007          0x000004c0   Section        4  __rtentry7.o(.ARM.Collect$$rtentry$$00000007)
    .ARM.Collect$$rtentry$$00000009          0x000004c4   Section        0  __rtentry2.o(.ARM.Collect$$rtentry$$00000009)
    .ARM.Collect$$rtentry$$0000000A          0x000004c4   Section        4  __rtentry2.o(.ARM.Collect$$rtentry$$0000000A)
    .ARM.Collect$$rtentry$$0000000C          0x000004c8   Section        0  __rtentry2.o(.ARM.Collect$$rtentry$$0000000C)
    .ARM.Collect$$rtentry$$0000000D          0x000004c8   Section        8  __rtentry2.o(.ARM.Collect$$rtentry$$0000000D)
    __lit__00000000                          0x000004d0   Data           4  __rtentry7.o(.ARM.Collect$$rtentry$$00002718)
    .ARM.Collect$$rtentry$$00002718          0x000004d0   Section        4  __rtentry7.o(.ARM.Collect$$rtentry$$00002718)
    .ARM.Collect$$rtexit$$00000000           0x000004d4   Section        2  rtexit.o(.ARM.Collect$$rtexit$$00000000)
    .ARM.Collect$$rtexit$$00000002           0x000004d6   Section        0  rtexit2.o(.ARM.Collect$$rtexit$$00000002)
    .ARM.Collect$$rtexit$$00000003           0x000004d6   Section        4  rtexit2.o(.ARM.Collect$$rtexit$$00000003)
    .ARM.Collect$$rtexit$$00000004           0x000004da   Section        6  rtexit2.o(.ARM.Collect$$rtexit$$00000004)
    .text                                    0x000004e0   Section      156  startup_s32k144.o(.text)
    $v0                                      0x00000534   Number         0  startup_s32k144.o(.text)
    .text                                    0x0000057c   Section        0  exit.o(.text)
    .text                                    0x0000058e   Section        2  use_no_semi.o(.text)
    .text                                    0x00000590   Section        0  indicate_semi.o(.text)
    .text                                    0x00000590   Section        0  sys_exit.o(.text)
    [Anonymous Symbol]                       0x0000059c   Section        0  t.o(.text.LPIT0_init)
    [Anonymous Symbol]                       0x000005f0   Section        0  t.o(.text.NVIC_init_IRQs)
    [Anonymous Symbol]                       0x00000634   Section        0  clocks_and_modes.o(.text.NormalRUNmode_80MHz)
    [Anonymous Symbol]                       0x00000670   Section        0  t.o(.text.PORTC_IRQHandler)
    [Anonymous Symbol]                       0x000007b8   Section        0  t.o(.text.PORT_init)
    [Anonymous Symbol]                       0x000007e8   Section        0  clocks_and_modes.o(.text.SOSC_init_8MHz)
    [Anonymous Symbol]                       0x0000083c   Section        0  clocks_and_modes.o(.text.SPLL_init_160MHz)
    [Anonymous Symbol]                       0x000008c0   Section        0  system_s32k144.o(.text.SystemInit)
    [Anonymous Symbol]                       0x00000914   Section        0  t.o(.text.WDOG_disable)
    [Anonymous Symbol]                       0x00000944   Section        0  t.o(.text.delay_ms)
    [Anonymous Symbol]                       0x00000988   Section        0  startup.o(.text.init_data_bss)
    [Anonymous Symbol]                       0x00000a28   Section        0  t.o(.text.main)
    $v0                                      0x00000a6e   Number         0  fpinit.o(x$fpl$fpinit)
    x$fpl$fpinit                             0x00000a6e   Section       26  fpinit.o(x$fpl$fpinit)

    Global Symbols

    Symbol Name                              Value     Ov Type        Size  Object(Section)

    BuildAttributes$$THM_ISAv4$E$P$D$K$B$S$7EM$VFPi3$EXTD16$VFPS$VFMA$PE$A:L22UL41UL21$X:L11$S22US41US21$IEEE1$IW$~IW$USESV6$~STKCKD$USESV7$~SHL$OSPACE$ROPI$EBA8$UX$STANDARDLIB$REQ8$PRES8$EABIv2 0x00000000   Number         0  anon$$obj.o ABSOLUTE
    Image$$RW_m_code$$Length                 0x00000000   Number         0  anon$$obj.o ABSOLUTE
    Image$$VECTOR_RAM$$Length                0x00000000   Number         0  anon$$obj.o ABSOLUTE
    Image$$VECTOR_ROM$$Base                  0x00000000   Number         0  anon$$obj.o ABSOLUTE
    __Vectors                                0x00000000   Data           4  startup_s32k144.o(RESET)
    Image$$ZI$$Limit                          - Undefined Weak Reference
    __ARM_exceptions_init                     - Undefined Weak Reference
    __alloca_initialize                       - Undefined Weak Reference
    __arm_preinit_                            - Undefined Weak Reference
    __arm_relocate_pie_                       - Undefined Weak Reference
    __cpp_initialize__aeabi_                  - Undefined Weak Reference
    __cxa_finalize                            - Undefined Weak Reference
    __rt_locale                               - Undefined Weak Reference
    __sigvec_lookup                           - Undefined Weak Reference
    _atexit_init                              - Undefined Weak Reference
    _call_atexit_fns                          - Undefined Weak Reference
    _clock_init                               - Undefined Weak Reference
    _fp_trap_init                             - Undefined Weak Reference
    _fp_trap_shutdown                         - Undefined Weak Reference
    _get_lc_collate                           - Undefined Weak Reference
    _get_lc_ctype                             - Undefined Weak Reference
    _get_lc_monetary                          - Undefined Weak Reference
    _get_lc_numeric                           - Undefined Weak Reference
    _get_lc_time                              - Undefined Weak Reference
    _getenv_init                              - Undefined Weak Reference
    _handle_redirection                       - Undefined Weak Reference
    _init_alloc                               - Undefined Weak Reference
    _init_user_alloc                          - Undefined Weak Reference
    _initio                                   - Undefined Weak Reference
    _rand_init                                - Undefined Weak Reference
    _signal_finish                            - Undefined Weak Reference
    _signal_init                              - Undefined Weak Reference
    _terminate_alloc                          - Undefined Weak Reference
    _terminate_user_alloc                     - Undefined Weak Reference
    _terminateio                              - Undefined Weak Reference
    Image$$RW_m_data$$Length                 0x00000014   Number         0  anon$$obj.o ABSOLUTE
    Image$$VECTOR_ROM$$Length                0x00000230   Number         0  anon$$obj.o ABSOLUTE
    Image$$VECTOR_ROM$$Limit                 0x00000230   Number         0  anon$$obj.o ABSOLUTE
    Image$$ER_m_text_const$$Base             0x00000410   Number         0  anon$$obj.o ABSOLUTE
    Image$$ER_m_text_const$$Limit            0x00000414   Number         0  anon$$obj.o ABSOLUTE
    __main                                   0x00000415   Thumb Code     8  __main.o(!!!main)
    __scatterload                            0x0000041d   Thumb Code     0  __scatter.o(!!!scatter)
    __scatterload_rt2                        0x0000041d   Thumb Code    84  __scatter.o(!!!scatter)
    __scatterload_rt2_thumb_only             0x0000041d   Thumb Code     0  __scatter.o(!!!scatter)
    __scatterload_loop                       0x00000427   Thumb Code     0  __scatter.o(!!!scatter)
    __scatterload_copy                       0x00000479   Thumb Code    26  __scatter_copy.o(!!handler_copy)
    __scatterload_null                       0x00000495   Thumb Code     2  __scatter.o(!!handler_null)
    __scatterload_zeroinit                   0x00000499   Thumb Code    28  __scatter_zi.o(!!handler_zi)
    __rt_lib_init                            0x000004b5   Thumb Code     0  libinit.o(.ARM.Collect$$libinit$$00000000)
    __rt_lib_init_fp_1                       0x000004b7   Thumb Code     0  libinit2.o(.ARM.Collect$$libinit$$00000001)
    __rt_lib_init_alloca_1                   0x000004bb   Thumb Code     0  libinit2.o(.ARM.Collect$$libinit$$00000030)
    __rt_lib_init_argv_1                     0x000004bb   Thumb Code     0  libinit2.o(.ARM.Collect$$libinit$$0000002E)
    __rt_lib_init_atexit_1                   0x000004bb   Thumb Code     0  libinit2.o(.ARM.Collect$$libinit$$0000001D)
    __rt_lib_init_clock_1                    0x000004bb   Thumb Code     0  libinit2.o(.ARM.Collect$$libinit$$00000023)
    __rt_lib_init_cpp_1                      0x000004bb   Thumb Code     0  libinit2.o(.ARM.Collect$$libinit$$00000034)
    __rt_lib_init_exceptions_1               0x000004bb   Thumb Code     0  libinit2.o(.ARM.Collect$$libinit$$00000032)
    __rt_lib_init_fp_trap_1                  0x000004bb   Thumb Code     0  libinit2.o(.ARM.Collect$$libinit$$00000021)
    __rt_lib_init_getenv_1                   0x000004bb   Thumb Code     0  libinit2.o(.ARM.Collect$$libinit$$00000025)
    __rt_lib_init_heap_1                     0x000004bb   Thumb Code     0  libinit2.o(.ARM.Collect$$libinit$$0000000C)
    __rt_lib_init_lc_collate_1               0x000004bb   Thumb Code     0  libinit2.o(.ARM.Collect$$libinit$$00000013)
    __rt_lib_init_lc_ctype_1                 0x000004bb   Thumb Code     0  libinit2.o(.ARM.Collect$$libinit$$00000015)
    __rt_lib_init_lc_monetary_1              0x000004bb   Thumb Code     0  libinit2.o(.ARM.Collect$$libinit$$00000017)
    __rt_lib_init_lc_numeric_1               0x000004bb   Thumb Code     0  libinit2.o(.ARM.Collect$$libinit$$00000019)
    __rt_lib_init_lc_time_1                  0x000004bb   Thumb Code     0  libinit2.o(.ARM.Collect$$libinit$$0000001B)
    __rt_lib_init_preinit_1                  0x000004bb   Thumb Code     0  libinit2.o(.ARM.Collect$$libinit$$00000006)
    __rt_lib_init_rand_1                     0x000004bb   Thumb Code     0  libinit2.o(.ARM.Collect$$libinit$$00000010)
    __rt_lib_init_relocate_pie_1             0x000004bb   Thumb Code     0  libinit2.o(.ARM.Collect$$libinit$$00000004)
    __rt_lib_init_return                     0x000004bb   Thumb Code     0  libinit2.o(.ARM.Collect$$libinit$$00000035)
    __rt_lib_init_signal_1                   0x000004bb   Thumb Code     0  libinit2.o(.ARM.Collect$$libinit$$0000001F)
    __rt_lib_init_stdio_1                    0x000004bb   Thumb Code     0  libinit2.o(.ARM.Collect$$libinit$$00000027)
    __rt_lib_init_user_alloc_1               0x000004bb   Thumb Code     0  libinit2.o(.ARM.Collect$$libinit$$0000000E)
    __rt_lib_shutdown                        0x000004bd   Thumb Code     0  libshutdown.o(.ARM.Collect$$libshutdown$$00000000)
    __rt_lib_shutdown_cpp_1                  0x000004bf   Thumb Code     0  libshutdown2.o(.ARM.Collect$$libshutdown$$00000002)
    __rt_lib_shutdown_fp_trap_1              0x000004bf   Thumb Code     0  libshutdown2.o(.ARM.Collect$$libshutdown$$00000007)
    __rt_lib_shutdown_heap_1                 0x000004bf   Thumb Code     0  libshutdown2.o(.ARM.Collect$$libshutdown$$0000000F)
    __rt_lib_shutdown_return                 0x000004bf   Thumb Code     0  libshutdown2.o(.ARM.Collect$$libshutdown$$00000010)
    __rt_lib_shutdown_signal_1               0x000004bf   Thumb Code     0  libshutdown2.o(.ARM.Collect$$libshutdown$$0000000A)
    __rt_lib_shutdown_stdio_1                0x000004bf   Thumb Code     0  libshutdown2.o(.ARM.Collect$$libshutdown$$00000004)
    __rt_lib_shutdown_user_alloc_1           0x000004bf   Thumb Code     0  libshutdown2.o(.ARM.Collect$$libshutdown$$0000000C)
    __rt_entry                               0x000004c1   Thumb Code     0  __rtentry.o(.ARM.Collect$$rtentry$$00000000)
    __rt_entry_presh_1                       0x000004c1   Thumb Code     0  __rtentry2.o(.ARM.Collect$$rtentry$$00000002)
    __rt_entry_sh                            0x000004c1   Thumb Code     0  __rtentry7.o(.ARM.Collect$$rtentry$$00000007)
    __rt_entry_li                            0x000004c5   Thumb Code     0  __rtentry2.o(.ARM.Collect$$rtentry$$0000000A)
    __rt_entry_postsh_1                      0x000004c5   Thumb Code     0  __rtentry2.o(.ARM.Collect$$rtentry$$00000009)
    __rt_entry_main                          0x000004c9   Thumb Code     0  __rtentry2.o(.ARM.Collect$$rtentry$$0000000D)
    __rt_entry_postli_1                      0x000004c9   Thumb Code     0  __rtentry2.o(.ARM.Collect$$rtentry$$0000000C)
    __rt_exit                                0x000004d5   Thumb Code     0  rtexit.o(.ARM.Collect$$rtexit$$00000000)
    __rt_exit_ls                             0x000004d7   Thumb Code     0  rtexit2.o(.ARM.Collect$$rtexit$$00000003)
    __rt_exit_prels_1                        0x000004d7   Thumb Code     0  rtexit2.o(.ARM.Collect$$rtexit$$00000002)
    __rt_exit_exit                           0x000004db   Thumb Code     0  rtexit2.o(.ARM.Collect$$rtexit$$00000004)
    __RAM_VECTOR_TABLE_SIZE                  0x000004e0   Data           4  startup_s32k144.o(.text)
    __VECTOR_RAM                             0x000004e4   Data           4  startup_s32k144.o(.text)
    __VECTOR_ROM                             0x000004e8   Data           4  startup_s32k144.o(.text)
    __VECTOR_ROM_START                       0x000004ec   Data           4  startup_s32k144.o(.text)
    __VECTOR_ROM_END                         0x000004f0   Data           4  startup_s32k144.o(.text)
    __CODE_ROM                               0x000004f4   Data           4  startup_s32k144.o(.text)
    __CODE_END                               0x000004f8   Data           4  startup_s32k144.o(.text)
    __CODE_RAM                               0x000004fc   Data           4  startup_s32k144.o(.text)
    __CODE_RAM_START                         0x00000500   Data           4  startup_s32k144.o(.text)
    __CODE_RAM_END                           0x00000504   Data           4  startup_s32k144.o(.text)
    __BSS_START                              0x00000508   Data           4  startup_s32k144.o(.text)
    __BSS_END                                0x0000050c   Data           4  startup_s32k144.o(.text)
    __DATA_RAM                               0x00000510   Data           4  startup_s32k144.o(.text)
    __DATA_RAM_START                         0x00000514   Data           4  startup_s32k144.o(.text)
    __DATA_RAM_END                           0x00000518   Data           4  startup_s32k144.o(.text)
    __DATA_ROM                               0x0000051c   Data           4  startup_s32k144.o(.text)
    __DATA_END                               0x00000520   Data           4  startup_s32k144.o(.text)
    __CUSTOM_SECTION_START                   0x00000524   Data           4  startup_s32k144.o(.text)
    __CUSTOM_SECTION_END                     0x00000528   Data           4  startup_s32k144.o(.text)
    __RAM_START                              0x0000052c   Data           4  startup_s32k144.o(.text)
    __RAM_END                                0x00000530   Data           4  startup_s32k144.o(.text)
    Reset_Handler                            0x00000535   Thumb Code    28  startup_s32k144.o(.text)
    NMI_Handler                              0x00000551   Thumb Code     2  startup_s32k144.o(.text)
    HardFault_Handler                        0x00000553   Thumb Code     2  startup_s32k144.o(.text)
    MemManage_Handler                        0x00000555   Thumb Code     2  startup_s32k144.o(.text)
    BusFault_Handler                         0x00000557   Thumb Code     2  startup_s32k144.o(.text)
    UsageFault_Handler                       0x00000559   Thumb Code     2  startup_s32k144.o(.text)
    SVC_Handler                              0x0000055b   Thumb Code     2  startup_s32k144.o(.text)
    DebugMon_Handler                         0x0000055d   Thumb Code     2  startup_s32k144.o(.text)
    PendSV_Handler                           0x0000055f   Thumb Code     2  startup_s32k144.o(.text)
    SysTick_Handler                          0x00000561   Thumb Code     2  startup_s32k144.o(.text)
    DefaultISR                               0x00000563   Thumb Code     2  startup_s32k144.o(.text)
    ADC0_IRQHandler                          0x00000565   Thumb Code     0  startup_s32k144.o(.text)
    ADC1_IRQHandler                          0x00000565   Thumb Code     0  startup_s32k144.o(.text)
    CAN0_Error_IRQHandler                    0x00000565   Thumb Code     0  startup_s32k144.o(.text)
    CAN0_ORed_0_15_MB_IRQHandler             0x00000565   Thumb Code     0  startup_s32k144.o(.text)
    CAN0_ORed_16_31_MB_IRQHandler            0x00000565   Thumb Code     0  startup_s32k144.o(.text)
    CAN0_ORed_IRQHandler                     0x00000565   Thumb Code     0  startup_s32k144.o(.text)
    CAN0_Wake_Up_IRQHandler                  0x00000565   Thumb Code     0  startup_s32k144.o(.text)
    CAN1_Error_IRQHandler                    0x00000565   Thumb Code     0  startup_s32k144.o(.text)
    CAN1_ORed_0_15_MB_IRQHandler             0x00000565   Thumb Code     0  startup_s32k144.o(.text)
    CAN1_ORed_IRQHandler                     0x00000565   Thumb Code     0  startup_s32k144.o(.text)
    CAN2_Error_IRQHandler                    0x00000565   Thumb Code     0  startup_s32k144.o(.text)
    CAN2_ORed_0_15_MB_IRQHandler             0x00000565   Thumb Code     0  startup_s32k144.o(.text)
    CAN2_ORed_IRQHandler                     0x00000565   Thumb Code     0  startup_s32k144.o(.text)
    CMP0_IRQHandler                          0x00000565   Thumb Code     0  startup_s32k144.o(.text)
    DMA0_IRQHandler                          0x00000565   Thumb Code     0  startup_s32k144.o(.text)
    DMA10_IRQHandler                         0x00000565   Thumb Code     0  startup_s32k144.o(.text)
    DMA11_IRQHandler                         0x00000565   Thumb Code     0  startup_s32k144.o(.text)
    DMA12_IRQHandler                         0x00000565   Thumb Code     0  startup_s32k144.o(.text)
    DMA13_IRQHandler                         0x00000565   Thumb Code     0  startup_s32k144.o(.text)
    DMA14_IRQHandler                         0x00000565   Thumb Code     0  startup_s32k144.o(.text)
    DMA15_IRQHandler                         0x00000565   Thumb Code     0  startup_s32k144.o(.text)
    DMA1_IRQHandler                          0x00000565   Thumb Code     0  startup_s32k144.o(.text)
    DMA2_IRQHandler                          0x00000565   Thumb Code     0  startup_s32k144.o(.text)
    DMA3_IRQHandler                          0x00000565   Thumb Code     0  startup_s32k144.o(.text)
    DMA4_IRQHandler                          0x00000565   Thumb Code     0  startup_s32k144.o(.text)
    DMA5_IRQHandler                          0x00000565   Thumb Code     0  startup_s32k144.o(.text)
    DMA6_IRQHandler                          0x00000565   Thumb Code     0  startup_s32k144.o(.text)
    DMA7_IRQHandler                          0x00000565   Thumb Code     0  startup_s32k144.o(.text)
    DMA8_IRQHandler                          0x00000565   Thumb Code     0  startup_s32k144.o(.text)
    DMA9_IRQHandler                          0x00000565   Thumb Code     0  startup_s32k144.o(.text)
    DMA_Error_IRQHandler                     0x00000565   Thumb Code     0  startup_s32k144.o(.text)
    ERM_double_fault_IRQHandler              0x00000565   Thumb Code     0  startup_s32k144.o(.text)
    ERM_single_fault_IRQHandler              0x00000565   Thumb Code     0  startup_s32k144.o(.text)
    FLEXIO_IRQHandler                        0x00000565   Thumb Code     0  startup_s32k144.o(.text)
    FTFC_Fault_IRQHandler                    0x00000565   Thumb Code     0  startup_s32k144.o(.text)
    FTFC_IRQHandler                          0x00000565   Thumb Code     0  startup_s32k144.o(.text)
    FTM0_Ch0_Ch1_IRQHandler                  0x00000565   Thumb Code     0  startup_s32k144.o(.text)
    FTM0_Ch2_Ch3_IRQHandler                  0x00000565   Thumb Code     0  startup_s32k144.o(.text)
    FTM0_Ch4_Ch5_IRQHandler                  0x00000565   Thumb Code     0  startup_s32k144.o(.text)
    FTM0_Ch6_Ch7_IRQHandler                  0x00000565   Thumb Code     0  startup_s32k144.o(.text)
    FTM0_Fault_IRQHandler                    0x00000565   Thumb Code     0  startup_s32k144.o(.text)
    FTM0_Ovf_Reload_IRQHandler               0x00000565   Thumb Code     0  startup_s32k144.o(.text)
    FTM1_Ch0_Ch1_IRQHandler                  0x00000565   Thumb Code     0  startup_s32k144.o(.text)
    FTM1_Ch2_Ch3_IRQHandler                  0x00000565   Thumb Code     0  startup_s32k144.o(.text)
    FTM1_Ch4_Ch5_IRQHandler                  0x00000565   Thumb Code     0  startup_s32k144.o(.text)
    FTM1_Ch6_Ch7_IRQHandler                  0x00000565   Thumb Code     0  startup_s32k144.o(.text)
    FTM1_Fault_IRQHandler                    0x00000565   Thumb Code     0  startup_s32k144.o(.text)
    FTM1_Ovf_Reload_IRQHandler               0x00000565   Thumb Code     0  startup_s32k144.o(.text)
    FTM2_Ch0_Ch1_IRQHandler                  0x00000565   Thumb Code     0  startup_s32k144.o(.text)
    FTM2_Ch2_Ch3_IRQHandler                  0x00000565   Thumb Code     0  startup_s32k144.o(.text)
    FTM2_Ch4_Ch5_IRQHandler                  0x00000565   Thumb Code     0  startup_s32k144.o(.text)
    FTM2_Ch6_Ch7_IRQHandler                  0x00000565   Thumb Code     0  startup_s32k144.o(.text)
    FTM2_Fault_IRQHandler                    0x00000565   Thumb Code     0  startup_s32k144.o(.text)
    FTM2_Ovf_Reload_IRQHandler               0x00000565   Thumb Code     0  startup_s32k144.o(.text)
    FTM3_Ch0_Ch1_IRQHandler                  0x00000565   Thumb Code     0  startup_s32k144.o(.text)
    FTM3_Ch2_Ch3_IRQHandler                  0x00000565   Thumb Code     0  startup_s32k144.o(.text)
    FTM3_Ch4_Ch5_IRQHandler                  0x00000565   Thumb Code     0  startup_s32k144.o(.text)
    FTM3_Ch6_Ch7_IRQHandler                  0x00000565   Thumb Code     0  startup_s32k144.o(.text)
    FTM3_Fault_IRQHandler                    0x00000565   Thumb Code     0  startup_s32k144.o(.text)
    FTM3_Ovf_Reload_IRQHandler               0x00000565   Thumb Code     0  startup_s32k144.o(.text)
    LPI2C0_Master_IRQHandler                 0x00000565   Thumb Code     0  startup_s32k144.o(.text)
    LPI2C0_Slave_IRQHandler                  0x00000565   Thumb Code     0  startup_s32k144.o(.text)
    LPIT0_Ch0_IRQHandler                     0x00000565   Thumb Code     0  startup_s32k144.o(.text)
    LPIT0_Ch1_IRQHandler                     0x00000565   Thumb Code     0  startup_s32k144.o(.text)
    LPIT0_Ch2_IRQHandler                     0x00000565   Thumb Code     0  startup_s32k144.o(.text)
    LPIT0_Ch3_IRQHandler                     0x00000565   Thumb Code     0  startup_s32k144.o(.text)
    LPSPI0_IRQHandler                        0x00000565   Thumb Code     0  startup_s32k144.o(.text)
    LPSPI1_IRQHandler                        0x00000565   Thumb Code     0  startup_s32k144.o(.text)
    LPSPI2_IRQHandler                        0x00000565   Thumb Code     0  startup_s32k144.o(.text)
    LPTMR0_IRQHandler                        0x00000565   Thumb Code     0  startup_s32k144.o(.text)
    LPUART0_RxTx_IRQHandler                  0x00000565   Thumb Code     0  startup_s32k144.o(.text)
    LPUART1_RxTx_IRQHandler                  0x00000565   Thumb Code     0  startup_s32k144.o(.text)
    LPUART2_RxTx_IRQHandler                  0x00000565   Thumb Code     0  startup_s32k144.o(.text)
    LVD_LVW_IRQHandler                       0x00000565   Thumb Code     0  startup_s32k144.o(.text)
    MCM_IRQHandler                           0x00000565   Thumb Code     0  startup_s32k144.o(.text)
    PDB0_IRQHandler                          0x00000565   Thumb Code     0  startup_s32k144.o(.text)
    PDB1_IRQHandler                          0x00000565   Thumb Code     0  startup_s32k144.o(.text)
    PORTA_IRQHandler                         0x00000565   Thumb Code     0  startup_s32k144.o(.text)
    PORTB_IRQHandler                         0x00000565   Thumb Code     0  startup_s32k144.o(.text)
    PORTD_IRQHandler                         0x00000565   Thumb Code     0  startup_s32k144.o(.text)
    PORTE_IRQHandler                         0x00000565   Thumb Code     0  startup_s32k144.o(.text)
    RCM_IRQHandler                           0x00000565   Thumb Code     0  startup_s32k144.o(.text)
    RTC_IRQHandler                           0x00000565   Thumb Code     0  startup_s32k144.o(.text)
    RTC_Seconds_IRQHandler                   0x00000565   Thumb Code     0  startup_s32k144.o(.text)
    Read_Collision_IRQHandler                0x00000565   Thumb Code     0  startup_s32k144.o(.text)
    Reserved100_IRQHandler                   0x00000565   Thumb Code     0  startup_s32k144.o(.text)
    Reserved103_IRQHandler                   0x00000565   Thumb Code     0  startup_s32k144.o(.text)
    Reserved105_IRQHandler                   0x00000565   Thumb Code     0  startup_s32k144.o(.text)
    Reserved106_IRQHandler                   0x00000565   Thumb Code     0  startup_s32k144.o(.text)
    Reserved107_IRQHandler                   0x00000565   Thumb Code     0  startup_s32k144.o(.text)
    Reserved110_IRQHandler                   0x00000565   Thumb Code     0  startup_s32k144.o(.text)
    Reserved112_IRQHandler                   0x00000565   Thumb Code     0  startup_s32k144.o(.text)
    Reserved113_IRQHandler                   0x00000565   Thumb Code     0  startup_s32k144.o(.text)
    Reserved114_IRQHandler                   0x00000565   Thumb Code     0  startup_s32k144.o(.text)
    Reserved45_IRQHandler                    0x00000565   Thumb Code     0  startup_s32k144.o(.text)
    Reserved46_IRQHandler                    0x00000565   Thumb Code     0  startup_s32k144.o(.text)
    Reserved48_IRQHandler                    0x00000565   Thumb Code     0  startup_s32k144.o(.text)
    Reserved50_IRQHandler                    0x00000565   Thumb Code     0  startup_s32k144.o(.text)
    Reserved52_IRQHandler                    0x00000565   Thumb Code     0  startup_s32k144.o(.text)
    Reserved53_IRQHandler                    0x00000565   Thumb Code     0  startup_s32k144.o(.text)
    Reserved54_IRQHandler                    0x00000565   Thumb Code     0  startup_s32k144.o(.text)
    Reserved58_IRQHandler                    0x00000565   Thumb Code     0  startup_s32k144.o(.text)
    Reserved59_IRQHandler                    0x00000565   Thumb Code     0  startup_s32k144.o(.text)
    Reserved69_IRQHandler                    0x00000565   Thumb Code     0  startup_s32k144.o(.text)
    Reserved70_IRQHandler                    0x00000565   Thumb Code     0  startup_s32k144.o(.text)
    Reserved71_IRQHandler                    0x00000565   Thumb Code     0  startup_s32k144.o(.text)
    Reserved72_IRQHandler                    0x00000565   Thumb Code     0  startup_s32k144.o(.text)
    Reserved81_IRQHandler                    0x00000565   Thumb Code     0  startup_s32k144.o(.text)
    Reserved82_IRQHandler                    0x00000565   Thumb Code     0  startup_s32k144.o(.text)
    Reserved83_IRQHandler                    0x00000565   Thumb Code     0  startup_s32k144.o(.text)
    Reserved86_IRQHandler                    0x00000565   Thumb Code     0  startup_s32k144.o(.text)
    Reserved87_IRQHandler                    0x00000565   Thumb Code     0  startup_s32k144.o(.text)
    Reserved88_IRQHandler                    0x00000565   Thumb Code     0  startup_s32k144.o(.text)
    Reserved89_IRQHandler                    0x00000565   Thumb Code     0  startup_s32k144.o(.text)
    Reserved90_IRQHandler                    0x00000565   Thumb Code     0  startup_s32k144.o(.text)
    Reserved91_IRQHandler                    0x00000565   Thumb Code     0  startup_s32k144.o(.text)
    Reserved92_IRQHandler                    0x00000565   Thumb Code     0  startup_s32k144.o(.text)
    Reserved93_IRQHandler                    0x00000565   Thumb Code     0  startup_s32k144.o(.text)
    Reserved99_IRQHandler                    0x00000565   Thumb Code     0  startup_s32k144.o(.text)
    SCG_IRQHandler                           0x00000565   Thumb Code     0  startup_s32k144.o(.text)
    SWI_IRQHandler                           0x00000565   Thumb Code     0  startup_s32k144.o(.text)
    WDOG_EWM_IRQHandler                      0x00000565   Thumb Code     0  startup_s32k144.o(.text)
    exit                                     0x0000057d   Thumb Code    18  exit.o(.text)
    __I$use$semihosting                      0x0000058f   Thumb Code     0  use_no_semi.o(.text)
    __use_no_semihosting_swi                 0x0000058f   Thumb Code     2  use_no_semi.o(.text)
    __semihosting_library_function           0x00000591   Thumb Code     0  indicate_semi.o(.text)
    _sys_exit                                0x00000591   Thumb Code     8  sys_exit.o(.text)
    LPIT0_init                               0x0000059d   Thumb Code    84  t.o(.text.LPIT0_init)
    NVIC_init_IRQs                           0x000005f1   Thumb Code    66  t.o(.text.NVIC_init_IRQs)
    NormalRUNmode_80MHz                      0x00000635   Thumb Code    60  clocks_and_modes.o(.text.NormalRUNmode_80MHz)
    PORTC_IRQHandler                         0x00000671   Thumb Code   326  t.o(.text.PORTC_IRQHandler)
    PORT_init                                0x000007b9   Thumb Code    46  t.o(.text.PORT_init)
    SOSC_init_8MHz                           0x000007e9   Thumb Code    84  clocks_and_modes.o(.text.SOSC_init_8MHz)
    SPLL_init_160MHz                         0x0000083d   Thumb Code   132  clocks_and_modes.o(.text.SPLL_init_160MHz)
    SystemInit                               0x000008c1   Thumb Code    82  system_s32k144.o(.text.SystemInit)
    WDOG_disable                             0x00000915   Thumb Code    48  t.o(.text.WDOG_disable)
    delay_ms                                 0x00000945   Thumb Code    66  t.o(.text.delay_ms)
    init_data_bss                            0x00000989   Thumb Code   160  startup.o(.text.init_data_bss)
    main                                     0x00000a29   Thumb Code    70  t.o(.text.main)
    _fp_init                                 0x00000a6f   Thumb Code    26  fpinit.o(x$fpl$fpinit)
    __fplib_config_fpu_vfp                   0x00000a87   Thumb Code     0  fpinit.o(x$fpl$fpinit)
    __fplib_config_pureend_doubles           0x00000a87   Thumb Code     0  fpinit.o(x$fpl$fpinit)
    Region$$Table$$Base                      0x00000a88   Number         0  anon$$obj.o(Region$$Table)
    Image$$ER_m_text$$Limit                  0x00000aa8   Number         0  anon$$obj.o ABSOLUTE
    Region$$Table$$Limit                     0x00000aa8   Number         0  anon$$obj.o(Region$$Table)
    Image$$VECTOR_RAM$$Base                  0x1fff8000   Number         0  anon$$obj.o ABSOLUTE
    Image$$RW_m_data$$Base                   0x1fff8400   Number         0  anon$$obj.o ABSOLUTE
    inter                                    0x1fff8400   Data          20  t.o(.data.inter)
    Image$$RW_m_code$$Base                   0x1fff8414   Number         0  anon$$obj.o ABSOLUTE
    Image$$RW_m_code$$Limit                  0x1fff8414   Number         0  anon$$obj.o ABSOLUTE
    Image$$RW_m_data$$Limit                  0x1fff8414   Number         0  anon$$obj.o ABSOLUTE
    External_PIN                             0x20000000   Data           4  t.o(.bss.External_PIN)
    Image$$RW_m_custom_section$$Base         0x20000000   Number         0  anon$$obj.o ABSOLUTE
    Image$$RW_m_custom_section$$Limit        0x20000000   Number         0  anon$$obj.o ABSOLUTE
    Image$$RW_m_data_2$$ZI$$Base             0x20000000   Number         0  anon$$obj.o ABSOLUTE
    lpit0_ch0_flag_counter                   0x20000004   Data           4  t.o(.bss.lpit0_ch0_flag_counter)
    num                                      0x20000008   Data           4  t.o(.bss.num)
    Image$$ARM_LIB_HEAP$$ZI$$Base            0x2000000c   Number         0  anon$$obj.o ABSOLUTE
    Image$$RW_m_data_2$$ZI$$Limit            0x2000000c   Number         0  anon$$obj.o ABSOLUTE
    Image$$ARM_LIB_HEAP$$ZI$$Limit           0x2000040c   Number         0  anon$$obj.o ABSOLUTE
    Image$$ARM_LIB_STACK$$Limit              0x20006c00   Number         0  anon$$obj.o ABSOLUTE
    Image$$ARM_LIB_STACK$$ZI$$Limit          0x20007000   Number         0  anon$$obj.o ABSOLUTE



==============================================================================

Memory Map of the image

  Image Entry point : 0x00000415

  Load Region LR_m_text (Base: 0x00000000, Size: 0x00000abc, Max: 0x00080000, ABSOLUTE)

    Execution Region VECTOR_ROM (Exec base: 0x00000000, Load base: 0x00000000, Size: 0x00000230, Max: 0x00000400, ABSOLUTE)

    Exec Addr    Load Addr    Size         Type   Attr      Idx    E Section Name        Object

    0x00000000   0x00000000   0x00000230   Data   RO           59    RESET               startup_s32k144.o


    Execution Region ER_m_flash_config (Exec base: 0x00000400, Load base: 0x00000400, Size: 0x00000010, Max: 0x00000010, ABSOLUTE, FIXED)

    Exec Addr    Load Addr    Size         Type   Attr      Idx    E Section Name        Object

    0x00000400   0x00000400   0x00000010   Data   RO           60    FlashConfig         startup_s32k144.o


    Execution Region ER_m_text_const (Exec base: 0x00000410, Load base: 0x00000410, Size: 0x00000004, Max: 0xffffffff, ABSOLUTE)

    Exec Addr    Load Addr    Size         Type   Attr      Idx    E Section Name        Object

    0x00000410   0x00000410   0x00000004   Data   RO           52    .rodata.s_vectors   startup.o


    Execution Region ER_m_text (Exec base: 0x00000414, Load base: 0x00000414, Size: 0x00000694, Max: 0x0007fbf0, ABSOLUTE)

    Exec Addr    Load Addr    Size         Type   Attr      Idx    E Section Name        Object

    0x00000414   0x00000414   0x00000008   Code   RO           83  * !!!main             c_w.l(__main.o)
    0x0000041c   0x0000041c   0x0000005c   Code   RO          261    !!!scatter          c_w.l(__scatter.o)
    0x00000478   0x00000478   0x0000001a   Code   RO          265    !!handler_copy      c_w.l(__scatter_copy.o)
    0x00000492   0x00000492   0x00000002   PAD
    0x00000494   0x00000494   0x00000002   Code   RO          262    !!handler_null      c_w.l(__scatter.o)
    0x00000496   0x00000496   0x00000002   PAD
    0x00000498   0x00000498   0x0000001c   Code   RO          267    !!handler_zi        c_w.l(__scatter_zi.o)
    0x000004b4   0x000004b4   0x00000002   Code   RO          115    .ARM.Collect$$libinit$$00000000  c_w.l(libinit.o)
    0x000004b6   0x000004b6   0x00000004   Code   RO          125    .ARM.Collect$$libinit$$00000001  c_w.l(libinit2.o)
    0x000004ba   0x000004ba   0x00000000   Code   RO          128    .ARM.Collect$$libinit$$00000004  c_w.l(libinit2.o)
    0x000004ba   0x000004ba   0x00000000   Code   RO          130    .ARM.Collect$$libinit$$00000006  c_w.l(libinit2.o)
    0x000004ba   0x000004ba   0x00000000   Code   RO          133    .ARM.Collect$$libinit$$0000000C  c_w.l(libinit2.o)
    0x000004ba   0x000004ba   0x00000000   Code   RO          135    .ARM.Collect$$libinit$$0000000E  c_w.l(libinit2.o)
    0x000004ba   0x000004ba   0x00000000   Code   RO          137    .ARM.Collect$$libinit$$00000010  c_w.l(libinit2.o)
    0x000004ba   0x000004ba   0x00000000   Code   RO          140    .ARM.Collect$$libinit$$00000013  c_w.l(libinit2.o)
    0x000004ba   0x000004ba   0x00000000   Code   RO          142    .ARM.Collect$$libinit$$00000015  c_w.l(libinit2.o)
    0x000004ba   0x000004ba   0x00000000   Code   RO          144    .ARM.Collect$$libinit$$00000017  c_w.l(libinit2.o)
    0x000004ba   0x000004ba   0x00000000   Code   RO          146    .ARM.Collect$$libinit$$00000019  c_w.l(libinit2.o)
    0x000004ba   0x000004ba   0x00000000   Code   RO          148    .ARM.Collect$$libinit$$0000001B  c_w.l(libinit2.o)
    0x000004ba   0x000004ba   0x00000000   Code   RO          150    .ARM.Collect$$libinit$$0000001D  c_w.l(libinit2.o)
    0x000004ba   0x000004ba   0x00000000   Code   RO          152    .ARM.Collect$$libinit$$0000001F  c_w.l(libinit2.o)
    0x000004ba   0x000004ba   0x00000000   Code   RO          154    .ARM.Collect$$libinit$$00000021  c_w.l(libinit2.o)
    0x000004ba   0x000004ba   0x00000000   Code   RO          156    .ARM.Collect$$libinit$$00000023  c_w.l(libinit2.o)
    0x000004ba   0x000004ba   0x00000000   Code   RO          158    .ARM.Collect$$libinit$$00000025  c_w.l(libinit2.o)
    0x000004ba   0x000004ba   0x00000000   Code   RO          160    .ARM.Collect$$libinit$$00000027  c_w.l(libinit2.o)
    0x000004ba   0x000004ba   0x00000000   Code   RO          164    .ARM.Collect$$libinit$$0000002E  c_w.l(libinit2.o)
    0x000004ba   0x000004ba   0x00000000   Code   RO          166    .ARM.Collect$$libinit$$00000030  c_w.l(libinit2.o)
    0x000004ba   0x000004ba   0x00000000   Code   RO          168    .ARM.Collect$$libinit$$00000032  c_w.l(libinit2.o)
    0x000004ba   0x000004ba   0x00000000   Code   RO          170    .ARM.Collect$$libinit$$00000034  c_w.l(libinit2.o)
    0x000004ba   0x000004ba   0x00000002   Code   RO          171    .ARM.Collect$$libinit$$00000035  c_w.l(libinit2.o)
    0x000004bc   0x000004bc   0x00000002   Code   RO          200    .ARM.Collect$$libshutdown$$00000000  c_w.l(libshutdown.o)
    0x000004be   0x000004be   0x00000000   Code   RO          212    .ARM.Collect$$libshutdown$$00000002  c_w.l(libshutdown2.o)
    0x000004be   0x000004be   0x00000000   Code   RO          214    .ARM.Collect$$libshutdown$$00000004  c_w.l(libshutdown2.o)
    0x000004be   0x000004be   0x00000000   Code   RO          217    .ARM.Collect$$libshutdown$$00000007  c_w.l(libshutdown2.o)
    0x000004be   0x000004be   0x00000000   Code   RO          220    .ARM.Collect$$libshutdown$$0000000A  c_w.l(libshutdown2.o)
    0x000004be   0x000004be   0x00000000   Code   RO          222    .ARM.Collect$$libshutdown$$0000000C  c_w.l(libshutdown2.o)
    0x000004be   0x000004be   0x00000000   Code   RO          225    .ARM.Collect$$libshutdown$$0000000F  c_w.l(libshutdown2.o)
    0x000004be   0x000004be   0x00000002   Code   RO          226    .ARM.Collect$$libshutdown$$00000010  c_w.l(libshutdown2.o)
    0x000004c0   0x000004c0   0x00000000   Code   RO           85    .ARM.Collect$$rtentry$$00000000  c_w.l(__rtentry.o)
    0x000004c0   0x000004c0   0x00000000   Code   RO           87    .ARM.Collect$$rtentry$$00000002  c_w.l(__rtentry2.o)
    0x000004c0   0x000004c0   0x00000004   Code   RO          101    .ARM.Collect$$rtentry$$00000007  c_w.l(__rtentry7.o)
    0x000004c4   0x000004c4   0x00000000   Code   RO           89    .ARM.Collect$$rtentry$$00000009  c_w.l(__rtentry2.o)
    0x000004c4   0x000004c4   0x00000004   Code   RO           90    .ARM.Collect$$rtentry$$0000000A  c_w.l(__rtentry2.o)
    0x000004c8   0x000004c8   0x00000000   Code   RO           92    .ARM.Collect$$rtentry$$0000000C  c_w.l(__rtentry2.o)
    0x000004c8   0x000004c8   0x00000008   Code   RO           93    .ARM.Collect$$rtentry$$0000000D  c_w.l(__rtentry2.o)
    0x000004d0   0x000004d0   0x00000004   Code   RO          102    .ARM.Collect$$rtentry$$00002718  c_w.l(__rtentry7.o)
    0x000004d4   0x000004d4   0x00000002   Code   RO          123    .ARM.Collect$$rtexit$$00000000  c_w.l(rtexit.o)
    0x000004d6   0x000004d6   0x00000000   Code   RO          180    .ARM.Collect$$rtexit$$00000002  c_w.l(rtexit2.o)
    0x000004d6   0x000004d6   0x00000004   Code   RO          181    .ARM.Collect$$rtexit$$00000003  c_w.l(rtexit2.o)
    0x000004da   0x000004da   0x00000006   Code   RO          182    .ARM.Collect$$rtexit$$00000004  c_w.l(rtexit2.o)
    0x000004e0   0x000004e0   0x0000009c   Code   RO           58    .text               startup_s32k144.o
    0x0000057c   0x0000057c   0x00000012   Code   RO          108    .text               c_w.l(exit.o)
    0x0000058e   0x0000058e   0x00000002   Code   RO          176    .text               c_w.l(use_no_semi.o)
    0x00000590   0x00000590   0x00000000   Code   RO          178    .text               c_w.l(indicate_semi.o)
    0x00000590   0x00000590   0x0000000c   Code   RO          190    .text               c_w.l(sys_exit.o)
    0x0000059c   0x0000059c   0x00000054   Code   RO            9    .text.LPIT0_init    t.o
    0x000005f0   0x000005f0   0x00000042   Code   RO           13    .text.NVIC_init_IRQs  t.o
    0x00000632   0x00000632   0x00000002   PAD
    0x00000634   0x00000634   0x0000003c   Code   RO           41    .text.NormalRUNmode_80MHz  clocks_and_modes.o
    0x00000670   0x00000670   0x00000146   Code   RO           15    .text.PORTC_IRQHandler  t.o
    0x000007b6   0x000007b6   0x00000002   PAD
    0x000007b8   0x000007b8   0x0000002e   Code   RO            5    .text.PORT_init     t.o
    0x000007e6   0x000007e6   0x00000002   PAD
    0x000007e8   0x000007e8   0x00000054   Code   RO           37    .text.SOSC_init_8MHz  clocks_and_modes.o
    0x0000083c   0x0000083c   0x00000084   Code   RO           39    .text.SPLL_init_160MHz  clocks_and_modes.o
    0x000008c0   0x000008c0   0x00000052   Code   RO           67    .text.SystemInit    system_s32k144.o
    0x00000912   0x00000912   0x00000002   PAD
    0x00000914   0x00000914   0x00000030   Code   RO            7    .text.WDOG_disable  t.o
    0x00000944   0x00000944   0x00000042   Code   RO           11    .text.delay_ms      t.o
    0x00000986   0x00000986   0x00000002   PAD
    0x00000988   0x00000988   0x000000a0   Code   RO           50    .text.init_data_bss  startup.o
    0x00000a28   0x00000a28   0x00000046   Code   RO           19    .text.main          t.o
    0x00000a6e   0x00000a6e   0x0000001a   Code   RO          188    x$fpl$fpinit        fz_wm.l(fpinit.o)
    0x00000a88   0x00000a88   0x00000020   Data   RO          260    Region$$Table       anon$$obj.o


    Execution Region VECTOR_RAM (Exec base: 0x1fff8000, Load base: 0x00000230, Size: 0x00000400, Max: 0x00000400, ABSOLUTE)

    Exec Addr    Load Addr    Size         Type   Attr      Idx    E Section Name        Object

    0x1fff8000        -       0x00000400   Zero   RW            1    VECTOR_RAM.bss      anon$$obj.o


    Execution Region RW_m_data (Exec base: 0x1fff8400, Load base: 0x00000aa8, Size: 0x00000014, Max: 0xffffffff, ABSOLUTE)

    Exec Addr    Load Addr    Size         Type   Attr      Idx    E Section Name        Object

    0x1fff8400   0x00000aa8   0x00000014   Data   RW           28    .data.inter         t.o


    Execution Region RW_m_code (Exec base: 0x1fff8414, Load base: 0x00000abc, Size: 0x00000000, Max: 0x00007c00, ABSOLUTE)

    **** No section assigned to this execution region ****


    Execution Region RW_m_custom_section (Exec base: 0x20000000, Load base: 0x00000abc, Size: 0x00000000, Max: 0xffffffff, ABSOLUTE)

    **** No section assigned to this execution region ****


    Execution Region RW_m_data_2 (Exec base: 0x20000000, Load base: 0x00000abc, Size: 0x0000000c, Max: 0x00006800, ABSOLUTE)

    Exec Addr    Load Addr    Size         Type   Attr      Idx    E Section Name        Object

    0x20000000        -       0x00000004   Zero   RW           25    .bss.External_PIN   t.o
    0x20000004        -       0x00000004   Zero   RW           21    .bss.lpit0_ch0_flag_counter  t.o
    0x20000008        -       0x00000004   Zero   RW           24    .bss.num            t.o


    Execution Region ARM_LIB_HEAP (Exec base: 0x2000000c, Load base: 0x00000abc, Size: 0x00000400, Max: 0x00000400, ABSOLUTE)

    Exec Addr    Load Addr    Size         Type   Attr      Idx    E Section Name        Object

    0x2000000c        -       0x00000400   Zero   RW            2    ARM_LIB_HEAP.bss    anon$$obj.o


    Execution Region ARM_LIB_STACK (Exec base: 0x20006c00, Load base: 0x00000abc, Size: 0x00000400, Max: 0x00000400, ABSOLUTE)

    Exec Addr    Load Addr    Size         Type   Attr      Idx    E Section Name        Object

    0x20006c00        -       0x00000400   Zero   RW            3    ARM_LIB_STACK.bss   anon$$obj.o


==============================================================================

Image component sizes


      Code (inc. data)   RO Data    RW Data    ZI Data      Debug   Object Name

       276          0          0          0          0       1706   clocks_and_modes.o
       160          0          4          0          0       1084   startup.o
       156        106        576          0          0        912   startup_s32k144.o
        82          0          0          0          0       2854   system_s32k144.o
       706          6          0         20         12       5682   t.o

    ----------------------------------------------------------------------
      1390        112        612         20       3084      12238   Object Totals
         0          0         32          0       3072          0   (incl. Generated)
        10          0          0          0          0          0   (incl. Padding)

    ----------------------------------------------------------------------

      Code (inc. data)   RO Data    RW Data    ZI Data      Debug   Library Member Name

         8          0          0          0          0         68   __main.o
         0          0          0          0          0          0   __rtentry.o
        12          0          0          0          0          0   __rtentry2.o
         8          4          0          0          0          0   __rtentry7.o
        94          8          0          0          0          0   __scatter.o
        26          0          0          0          0          0   __scatter_copy.o
        28          0          0          0          0          0   __scatter_zi.o
        18          0          0          0          0         80   exit.o
         0          0          0          0          0          0   indicate_semi.o
         2          0          0          0          0          0   libinit.o
         6          0          0          0          0          0   libinit2.o
         2          0          0          0          0          0   libshutdown.o
         2          0          0          0          0          0   libshutdown2.o
         2          0          0          0          0          0   rtexit.o
        10          0          0          0          0          0   rtexit2.o
        12          4          0          0          0         68   sys_exit.o
         2          0          0          0          0         68   use_no_semi.o
        26          0          0          0          0        116   fpinit.o

    ----------------------------------------------------------------------
       262         16          0          0          0        400   Library Totals
         4          0          0          0          0          0   (incl. Padding)

    ----------------------------------------------------------------------

      Code (inc. data)   RO Data    RW Data    ZI Data      Debug   Library Name

       232         16          0          0          0        284   c_w.l
        26          0          0          0          0        116   fz_wm.l

    ----------------------------------------------------------------------
       262         16          0          0          0        400   Library Totals

    ----------------------------------------------------------------------

==============================================================================


      Code (inc. data)   RO Data    RW Data    ZI Data      Debug   

      1652        128        612         20       3084      12646   Grand Totals
      1652        128        612         20       3084      12646   ELF Image Totals
      1652        128        612         20          0          0   ROM Totals

==============================================================================

    Total RO  Size (Code + RO Data)                 2264 (   2.21kB)
    Total RW  Size (RW Data + ZI Data)              3104 (   3.03kB)
    Total ROM Size (Code + RO Data + RW Data)       2284 (   2.23kB)

==============================================================================

