Component: Arm Compiler for Embedded 6.22 Tool: armlink [5ee90200]

==============================================================================

Section Cross References

    main.o(.ARM.exidx.text.segment_init) refers to main.o(.text.segment_init) for [Anonymous Symbol]
    main.o(.text.set_num) refers to main.o(.rodata..L__const.set_num.fnd_data) for .L__const.set_num.fnd_data
    main.o(.text.set_num) refers to lpit.o(.text.delay_ms) for delay_ms
    main.o(.ARM.exidx.text.set_num) refers to main.o(.text.set_num) for [Anonymous Symbol]
    main.o(.text.print_digit) refers to main.o(.text.set_num) for set_num
    main.o(.ARM.exidx.text.print_digit) refers to main.o(.text.print_digit) for [Anonymous Symbol]
    main.o(.ARM.exidx.text.buzzer_init) refers to main.o(.text.buzzer_init) for [Anonymous Symbol]
    main.o(.ARM.exidx.text.buzzer_set) refers to main.o(.text.buzzer_set) for [Anonymous Symbol]
    main.o(.ARM.exidx.text.buzzer_toggle) refers to main.o(.text.buzzer_toggle) for [Anonymous Symbol]
    main.o(.text.step_init) refers to main.o(.bss.STEP_LAST) for STEP_LAST
    main.o(.ARM.exidx.text.step_init) refers to main.o(.text.step_init) for [Anonymous Symbol]
    main.o(.ARM.exidx.text.step_clear) refers to main.o(.text.step_clear) for [Anonymous Symbol]
    main.o(.text.step_open) refers to main.o(.bss.STEP_LAST) for STEP_LAST
    main.o(.text.step_open) refers to lpit.o(.text.delay_ms) for delay_ms
    main.o(.text.step_open) refers to main.o(.text.step_clear) for step_clear
    main.o(.ARM.exidx.text.step_open) refers to main.o(.text.step_open) for [Anonymous Symbol]
    main.o(.text.step_close) refers to main.o(.bss.STEP_LAST) for STEP_LAST
    main.o(.text.step_close) refers to lpit.o(.text.delay_ms) for delay_ms
    main.o(.text.step_close) refers to main.o(.text.step_clear) for step_clear
    main.o(.ARM.exidx.text.step_close) refers to main.o(.text.step_close) for [Anonymous Symbol]
    main.o(.text.led_init) refers to main.o(.text.led_set_car_green) for led_set_car_green
    main.o(.text.led_init) refers to main.o(.text.led_set_car_red) for led_set_car_red
    main.o(.text.led_init) refers to main.o(.text.led_set_ship_green) for led_set_ship_green
    main.o(.text.led_init) refers to main.o(.text.led_set_ship_red) for led_set_ship_red
    main.o(.ARM.exidx.text.led_init) refers to main.o(.text.led_init) for [Anonymous Symbol]
    main.o(.ARM.exidx.text.led_set_car_green) refers to main.o(.text.led_set_car_green) for [Anonymous Symbol]
    main.o(.ARM.exidx.text.led_set_car_red) refers to main.o(.text.led_set_car_red) for [Anonymous Symbol]
    main.o(.ARM.exidx.text.led_set_ship_green) refers to main.o(.text.led_set_ship_green) for [Anonymous Symbol]
    main.o(.ARM.exidx.text.led_set_ship_red) refers to main.o(.text.led_set_ship_red) for [Anonymous Symbol]
    main.o(.ARM.exidx.text.led_set_system_green) refers to main.o(.text.led_set_system_green) for [Anonymous Symbol]
    main.o(.text.led_car_mode) refers to main.o(.text.led_set_car_green) for led_set_car_green
    main.o(.text.led_car_mode) refers to main.o(.text.led_set_car_red) for led_set_car_red
    main.o(.text.led_car_mode) refers to main.o(.text.led_set_ship_green) for led_set_ship_green
    main.o(.text.led_car_mode) refers to main.o(.text.led_set_ship_red) for led_set_ship_red
    main.o(.ARM.exidx.text.led_car_mode) refers to main.o(.text.led_car_mode) for [Anonymous Symbol]
    main.o(.text.led_ship_mode) refers to main.o(.text.led_set_car_green) for led_set_car_green
    main.o(.text.led_ship_mode) refers to main.o(.text.led_set_car_red) for led_set_car_red
    main.o(.text.led_ship_mode) refers to main.o(.text.led_set_ship_green) for led_set_ship_green
    main.o(.text.led_ship_mode) refers to main.o(.text.led_set_ship_red) for led_set_ship_red
    main.o(.ARM.exidx.text.led_ship_mode) refers to main.o(.text.led_ship_mode) for [Anonymous Symbol]
    main.o(.text.led_emergency_mode) refers to main.o(.text.led_set_car_red) for led_set_car_red
    main.o(.text.led_emergency_mode) refers to main.o(.text.led_set_car_green) for led_set_car_green
    main.o(.text.led_emergency_mode) refers to main.o(.text.led_set_ship_red) for led_set_ship_red
    main.o(.text.led_emergency_mode) refers to main.o(.text.led_set_ship_green) for led_set_ship_green
    main.o(.ARM.exidx.text.led_emergency_mode) refers to main.o(.text.led_emergency_mode) for [Anonymous Symbol]
    main.o(.ARM.exidx.text.led_toggle_all) refers to main.o(.text.led_toggle_all) for [Anonymous Symbol]
    main.o(.ARM.exidx.text.servo_init) refers to main.o(.text.servo_init) for [Anonymous Symbol]
    main.o(.text.servo_set_angle) refers to lpit.o(.text.delay_ms) for delay_ms
    main.o(.ARM.exidx.text.servo_set_angle) refers to main.o(.text.servo_set_angle) for [Anonymous Symbol]
    main.o(.text.servo_car_mode) refers to main.o(.text.servo_set_angle) for servo_set_angle
[...]
    __rtentry2.o(.ARM.Collect$$rtentry$$0000000B) refers to boardinit3.o(.text) for _platform_post_lib_init
    __rtentry2.o(.ARM.Collect$$rtentry$$0000000D) refers to main.o(.text.main) for main
    __rtentry2.o(.ARM.Collect$$rtentry$$0000000D) refers to exit.o(.text) for exit
    __rtentry2.o(.ARM.exidx) refers to __rtentry2.o(.ARM.Collect$$rtentry$$00000001) for .ARM.Collect$$rtentry$$00000001
    __rtentry2.o(.ARM.exidx) refers to __rtentry2.o(.ARM.Collect$$rtentry$$00000008) for .ARM.Collect$$rtentry$$00000008
    __rtentry2.o(.ARM.exidx) refers to __rtentry2.o(.ARM.Collect$$rtentry$$0000000A) for .ARM.Collect$$rtentry$$0000000A
    __rtentry2.o(.ARM.exidx) refers to __rtentry2.o(.ARM.Collect$$rtentry$$0000000B) for .ARM.Collect$$rtentry$$0000000B
    __rtentry2.o(.ARM.exidx) refers to __rtentry2.o(.ARM.Collect$$rtentry$$0000000D) for .ARM.Collect$$rtentry$$0000000D
    __rtentry4.o(.ARM.Collect$$rtentry$$00000004) refers to sys_stackheap_outer.o(.text) for __user_setup_stackheap
    __rtentry4.o(.ARM.exidx) refers to __rtentry4.o(.ARM.Collect$$rtentry$$00000004) for .ARM.Collect$$rtentry$$00000004
    __rtentry7.o(.ARM.Collect$$rtentry$$00000007) refers to __rtentry7.o(.ARM.Collect$$rtentry$$00002718) for __lit__00000000
    __rtentry7.o(__vectab_stack_and_reset_2_area) refers to __main.o(!!!main) for __main
    __rtentry7.o(.ARM.exidx) refers to __rtentry7.o(.ARM.Collect$$rtentry$$00000007) for .ARM.Collect$$rtentry$$00000007
    __rtentry7.o(.ARM.exidx) refers to __rtentry7.o(.ARM.Collect$$rtentry$$00002718) for .ARM.Collect$$rtentry$$00002718
    sys_stackheap_outer.o(.text) refers to libspace.o(.text) for __user_perproc_libspace
    sys_stackheap_outer.o(.text) refers to sys_stackheap.o(.text) for __user_initial_stackheap
    exit.o(.text) refers to rtexit.o(.ARM.Collect$$rtexit$$00000000) for __rt_exit
    libinit.o(.ARM.Collect$$libinit$$00000000) refers (Special) to libinit2.o(.ARM.Collect$$libinit$$00000030) for __rt_lib_init_alloca_1
    libinit.o(.ARM.Collect$$libinit$$00000000) refers (Special) to libinit2.o(.ARM.Collect$$libinit$$0000002E) for __rt_lib_init_argv_1
    libinit.o(.ARM.Collect$$libinit$$00000000) refers (Special) to libinit2.o(.ARM.Collect$$libinit$$0000001D) for __rt_lib_init_atexit_1
    libinit.o(.ARM.Collect$$libinit$$00000000) refers (Special) to libinit2.o(.ARM.Collect$$libinit$$00000023) for __rt_lib_init_clock_1
    libinit.o(.ARM.Collect$$libinit$$00000000) refers (Special) to libinit2.o(.ARM.Collect$$libinit$$00000034) for __rt_lib_init_cpp_1
    libinit.o(.ARM.Collect$$libinit$$00000000) refers (Special) to libinit2.o(.ARM.Collect$$libinit$$00000032) for __rt_lib_init_exceptions_1
    libinit.o(.ARM.Collect$$libinit$$00000000) refers (Special) to libinit2.o(.ARM.Collect$$libinit$$00000001) for __rt_lib_init_fp_1
    libinit.o(.ARM.Collect$$libinit$$00000000) refers (Special) to libinit2.o(.ARM.Collect$$libinit$$00000021) for __rt_lib_init_fp_trap_1
    libinit.o(.ARM.Collect$$libinit$$00000000) refers (Special) to libinit2.o(.ARM.Collect$$libinit$$00000025) for __rt_lib_init_getenv_1
    libinit.o(.ARM.Collect$$libinit$$00000000) refers (Special) to libinit2.o(.ARM.Collect$$libinit$$0000000C) for __rt_lib_init_heap_1
    libinit.o(.ARM.Collect$$libinit$$00000000) refers (Special) to libinit2.o(.ARM.Collect$$libinit$$00000013) for __rt_lib_init_lc_collate_1
    libinit.o(.ARM.Collect$$libinit$$00000000) refers (Special) to libinit2.o(.ARM.Collect$$libinit$$00000015) for __rt_lib_init_lc_ctype_1
    libinit.o(.ARM.Collect$$libinit$$00000000) refers (Special) to libinit2.o(.ARM.Collect$$libinit$$00000017) for __rt_lib_init_lc_monetary_1
    libinit.o(.ARM.Collect$$libinit$$00000000) refers (Special) to libinit2.o(.ARM.Collect$$libinit$$00000019) for __rt_lib_init_lc_numeric_1
    libinit.o(.ARM.Collect$$libinit$$00000000) refers (Special) to libinit2.o(.ARM.Collect$$libinit$$0000001B) for __rt_lib_init_lc_time_1
    libinit.o(.ARM.Collect$$libinit$$00000000) refers (Special) to libinit2.o(.ARM.Collect$$libinit$$00000006) for __rt_lib_init_preinit_1
    libinit.o(.ARM.Collect$$libinit$$00000000) refers (Special) to libinit2.o(.ARM.Collect$$libinit$$00000010) for __rt_lib_init_rand_1
    libinit.o(.ARM.Collect$$libinit$$00000000) refers (Special) to libinit2.o(.ARM.Collect$$libinit$$00000004) for __rt_lib_init_relocate_pie_1
    libinit.o(.ARM.Collect$$libinit$$00000000) refers (Special) to libinit2.o(.ARM.Collect$$libinit$$00000035) for __rt_lib_init_return
    libinit.o(.ARM.Collect$$libinit$$00000000) refers (Special) to libinit2.o(.ARM.Collect$$libinit$$0000001F) for __rt_lib_init_signal_1
    libinit.o(.ARM.Collect$$libinit$$00000000) refers (Special) to libinit2.o(.ARM.Collect$$libinit$$00000027) for __rt_lib_init_stdio_1
    libinit.o(.ARM.Collect$$libinit$$00000000) refers (Special) to libinit2.o(.ARM.Collect$$libinit$$0000000E) for __rt_lib_init_user_alloc_1
    libspace.o(.text) refers to libspace.o(.bss) for __libspace_start
    sys_stackheap.o(.text) refers (Special) to indicate_semi.o(.text) for __semihosting_library_function
    sys_stackheap.o(.text) refers to use_no_semi.o(.text) for __I$use$semihosting
    sys_stackheap_hlt.o(.text) refers (Special) to indicate_semi.o(.text) for __semihosting_library_function
    sys_stackheap_hlt.o(.text) refers to use_no_semi.o(.text) for __I$use$semihosting
    rtexit.o(.ARM.Collect$$rtexit$$00000000) refers (Special) to rtexit2.o(.ARM.Collect$$rtexit$$00000004) for __rt_exit_exit
    rtexit.o(.ARM.Collect$$rtexit$$00000000) refers (Special) to rtexit2.o(.ARM.Collect$$rtexit$$00000003) for __rt_exit_ls
    rtexit.o(.ARM.Collect$$rtexit$$00000000) refers (Special) to rtexit2.o(.ARM.Collect$$rtexit$$00000002) for __rt_exit_prels_1
    rtexit.o(.ARM.exidx) refers (Special) to rtexit2.o(.ARM.Collect$$rtexit$$00000004) for __rt_exit_exit
    rtexit.o(.ARM.exidx) refers (Special) to rtexit2.o(.ARM.Collect$$rtexit$$00000003) for __rt_exit_ls
    rtexit.o(.ARM.exidx) refers (Special) to rtexit2.o(.ARM.Collect$$rtexit$$00000002) for __rt_exit_prels_1
    rtexit.o(.ARM.exidx) refers to rtexit.o(.ARM.Collect$$rtexit$$00000000) for .ARM.Collect$$rtexit$$00000000
    libinit2.o(.ARM.Collect$$libinit$$00000001) refers to fpinit.o(x$fpl$fpinit) for _fp_init
    libinit2.o(.ARM.Collect$$libinit$$00000012) refers to libinit2.o(.ARM.Collect$$libinit$$00000011) for .ARM.Collect$$libinit$$00000011
    libinit2.o(.ARM.Collect$$libinit$$00000014) refers to libinit2.o(.ARM.Collect$$libinit$$00000011) for .ARM.Collect$$libinit$$00000011
    libinit2.o(.ARM.Collect$$libinit$$00000016) refers to libinit2.o(.ARM.Collect$$libinit$$00000011) for .ARM.Collect$$libinit$$00000011
    libinit2.o(.ARM.Collect$$libinit$$00000018) refers to libinit2.o(.ARM.Collect$$libinit$$00000011) for .ARM.Collect$$libinit$$00000011
    libinit2.o(.ARM.Collect$$libinit$$0000001A) refers to libinit2.o(.ARM.Collect$$libinit$$00000011) for .ARM.Collect$$libinit$$00000011
    libinit2.o(.ARM.Collect$$libinit$$00000028) refers to argv_veneer.o(.emb_text) for __ARM_argv_veneer
    libinit2.o(.ARM.Collect$$libinit$$00000029) refers to argv_veneer.o(.emb_text) for __ARM_argv_veneer
    libinit5.o(.ARM.Collect$$libinit$$0000000A) refers to libinit5.o(.ARM.Collect$$libinit$$0000271B) for __lit__00000000
    libinit5.o(.ARM.Collect$$libinit$$0000002C) refers to libinit5.o(.ARM.Collect$$libinit$$0000273D) for __lit__00000002
    libinit5.o(.ARM.Collect$$libinit$$0000002C) refers to argv_veneer.o(.emb_text) for __ARM_argv_veneer
    rtexit2.o(.ARM.Collect$$rtexit$$00000003) refers to libshutdown.o(.ARM.Collect$$libshutdown$$00000000) for __rt_lib_shutdown
    rtexit2.o(.ARM.Collect$$rtexit$$00000004) refers to sys_exit.o(.text) for _sys_exit
    rtexit2.o(.ARM.exidx) refers to rtexit2.o(.ARM.Collect$$rtexit$$00000001) for .ARM.Collect$$rtexit$$00000001
    rtexit2.o(.ARM.exidx) refers to rtexit2.o(.ARM.Collect$$rtexit$$00000003) for .ARM.Collect$$rtexit$$00000003
    rtexit2.o(.ARM.exidx) refers to rtexit2.o(.ARM.Collect$$rtexit$$00000004) for .ARM.Collect$$rtexit$$00000004
    argv_veneer.o(.emb_text) refers to no_argv.o(.text) for __ARM_get_argv
    sys_exit.o(.text) refers (Special) to use_no_semi.o(.text) for __I$use$semihosting
    sys_exit.o(.text) refers (Special) to indicate_semi.o(.text) for __semihosting_library_function
    sys_exit_hlt.o(.text) refers (Special) to use_no_semi.o(.text) for __I$use$semihosting
    sys_exit_hlt.o(.text) refers (Special) to indicate_semi.o(.text) for __semihosting_library_function
    _get_argv_nomalloc.o(.text) refers (Special) to hrguard.o(.text) for __heap_region$guard
    _get_argv_nomalloc.o(.text) refers to defsig_rtmem_outer.o(.text) for __rt_SIGRTMEM
    _get_argv_nomalloc.o(.text) refers to sys_command.o(.text) for _sys_command_string
    libshutdown.o(.ARM.Collect$$libshutdown$$00000000) refers (Special) to libshutdown2.o(.ARM.Collect$$libshutdown$$00000002) for __rt_lib_shutdown_cpp_1
    libshutdown.o(.ARM.Collect$$libshutdown$$00000000) refers (Special) to libshutdown2.o(.ARM.Collect$$libshutdown$$00000007) for __rt_lib_shutdown_fp_trap_1
    libshutdown.o(.ARM.Collect$$libshutdown$$00000000) refers (Special) to libshutdown2.o(.ARM.Collect$$libshutdown$$0000000F) for __rt_lib_shutdown_heap_1
    libshutdown.o(.ARM.Collect$$libshutdown$$00000000) refers (Special) to libshutdown2.o(.ARM.Collect$$libshutdown$$00000010) for __rt_lib_shutdown_return
    libshutdown.o(.ARM.Collect$$libshutdown$$00000000) refers (Special) to libshutdown2.o(.ARM.Collect$$libshutdown$$0000000A) for __rt_lib_shutdown_signal_1
    libshutdown.o(.ARM.Collect$$libshutdown$$00000000) refers (Special) to libshutdown2.o(.ARM.Collect$$libshutdown$$00000004) for __rt_lib_shutdown_stdio_1
    libshutdown.o(.ARM.Collect$$libshutdown$$00000000) refers (Special) to libshutdown2.o(.ARM.Collect$$libshutdown$$0000000C) for __rt_lib_shutdown_user_alloc_1
    sys_command.o(.text) refers (Special) to use_no_semi.o(.text) for __I$use$semihosting
    sys_command.o(.text) refers (Special) to indicate_semi.o(.text) for __semihosting_library_function
    sys_command_hlt.o(.text) refers (Special) to use_no_semi.o(.text) for __I$use$semihosting
    sys_command_hlt.o(.text) refers (Special) to indicate_semi.o(.text) for __semihosting_library_function
    defsig_rtmem_outer.o(.text) refers to defsig_rtmem_inner.o(.text) for __rt_SIGRTMEM_inner
    defsig_rtmem_outer.o(.text) refers to defsig_exit.o(.text) for __sig_exit
    defsig_rtmem_formal.o(.text) refers to rt_raise.o(.text) for __rt_raise
    rt_raise.o(.text) refers to __raise.o(.text) for __raise
    rt_raise.o(.text) refers to sys_exit.o(.text) for _sys_exit
    defsig_exit.o(.text) refers to sys_exit.o(.text) for _sys_exit
    defsig_rtmem_inner.o(.text) refers to defsig_general.o(.text) for __default_signal_display
    __raise.o(.text) refers to defsig.o(CL$$defsig) for __default_signal_handler
    defsig_general.o(.text) refers to sys_wrch.o(.text) for _ttywrch
    sys_wrch.o(.text) refers (Special) to use_no_semi.o(.text) for __I$use$semihosting
    sys_wrch.o(.text) refers (Special) to indicate_semi.o(.text) for __semihosting_library_function
    sys_wrch_hlt.o(.text) refers (Special) to use_no_semi.o(.text) for __I$use$semihosting
    sys_wrch_hlt.o(.text) refers (Special) to indicate_semi.o(.text) for __semihosting_library_function
    defsig.o(CL$$defsig) refers to defsig_rtmem_inner.o(.text) for __rt_SIGRTMEM_inner
    defsig_abrt_inner.o(.text) refers to defsig_general.o(.text) for __default_signal_display
    defsig_fpe_inner.o(.text) refers to defsig_general.o(.text) for __default_signal_display
    defsig_rtred_inner.o(.text) refers to defsig_general.o(.text) for __default_signal_display
    defsig_stak_inner.o(.text) refers to defsig_general.o(.text) for __default_signal_display
    defsig_pvfn_inner.o(.text) refers to defsig_general.o(.text) for __default_signal_display
    defsig_cppl_inner.o(.text) refers to defsig_general.o(.text) for __default_signal_display
    defsig_segv_inner.o(.text) refers to defsig_general.o(.text) for __default_signal_display
    defsig_other.o(.text) refers to defsig_general.o(.text) for __default_signal_display


==============================================================================

Removing Unused input sections from the image.

    Removing main.o(.text), (0 bytes).
    Removing main.o(.ARM.exidx.text.segment_init), (8 bytes).
    Removing main.o(.ARM.exidx.text.set_num), (8 bytes).
    Removing main.o(.ARM.exidx.text.print_digit), (8 bytes).
    Removing main.o(.ARM.exidx.text.buzzer_init), (8 bytes).
    Removing main.o(.ARM.exidx.text.buzzer_set), (8 bytes).
    Removing main.o(.ARM.exidx.text.buzzer_toggle), (8 bytes).
    Removing main.o(.ARM.exidx.text.step_init), (8 bytes).
    Removing main.o(.ARM.exidx.text.step_clear), (8 bytes).
    Removing main.o(.ARM.exidx.text.step_open), (8 bytes).
    Removing main.o(.ARM.exidx.text.step_close), (8 bytes).
    Removing main.o(.ARM.exidx.text.led_init), (8 bytes).
    Removing main.o(.ARM.exidx.text.led_set_car_green), (8 bytes).
    Removing main.o(.ARM.exidx.text.led_set_car_red), (8 bytes).
    Removing main.o(.ARM.exidx.text.led_set_ship_green), (8 bytes).
    Removing main.o(.ARM.exidx.text.led_set_ship_red), (8 bytes).
    Removing main.o(.ARM.exidx.text.led_set_system_green), (8 bytes).
    Removing main.o(.ARM.exidx.text.led_car_mode), (8 bytes).
    Removing main.o(.ARM.exidx.text.led_ship_mode), (8 bytes).
    Removing main.o(.text.led_emergency_mode), (36 bytes).
    Removing main.o(.ARM.exidx.text.led_emergency_mode), (8 bytes).
    Removing main.o(.ARM.exidx.text.led_toggle_all), (8 bytes).
    Removing main.o(.ARM.exidx.text.servo_init), (8 bytes).
    Removing main.o(.ARM.exidx.text.servo_set_angle), (8 bytes).
    Removing main.o(.ARM.exidx.text.servo_car_mode), (8 bytes).
    Removing main.o(.ARM.exidx.text.servo_ship_mode), (8 bytes).
    Removing main.o(.ARM.exidx.text.ftm_servo_init), (8 bytes).
    Removing main.o(.text.common_init), (84 bytes).
    Removing main.o(.ARM.exidx.text.common_init), (8 bytes).
    Removing main.o(.text.keypad_init), (150 bytes).
    Removing main.o(.ARM.exidx.text.keypad_init), (8 bytes).
    Removing main.o(.ARM.exidx.text.key_scan), (8 bytes).
    Removing main.o(.ARM.exidx.text.keypad_get_mode), (8 bytes).
    Removing main.o(.ARM.exidx.text.keypad_get_input), (8 bytes).
    Removing main.o(.ARM.exidx.text.keypad_clear), (8 bytes).
    Removing main.o(.ARM.exidx.text.LPUART1_init), (8 bytes).
    Removing main.o(.ARM.exidx.text.LPUART1_transmit_char), (8 bytes).
    Removing main.o(.ARM.exidx.text.LPUART1_transmit_string), (8 bytes).
    Removing main.o(.text.LPUART1_receive_char), (52 bytes).
    Removing main.o(.ARM.exidx.text.LPUART1_receive_char), (8 bytes).
    Removing main.o(.text.LPUART1_receive_and_echo_char), (40 bytes).
    Removing main.o(.ARM.exidx.text.LPUART1_receive_and_echo_char), (8 bytes).
    Removing main.o(.ARM.exidx.text.main), (8 bytes).
    Removing main.o(.ARM.exidx.text.end_edit_mode), (8 bytes).
    Removing main.o(.ARM.exidx.text.set_edit_mode), (8 bytes).
    Removing main.o(.ARM.exidx.text.set_emergency_mode), (8 bytes).
    Removing main.o(.ARM.exidx.text.set_car_mode), (8 bytes).
    Removing main.o(.ARM.exidx.text.set_ship_mode), (8 bytes).
    Removing main.o(.ARM.exidx.text.show_system_ready), (8 bytes).
    Removing main.o(.ARM.exidx.text.check_around), (8 bytes).
    Removing main.o(.ARM.exidx.text.check_ship), (8 bytes).
    Removing main.o(.ARM.exidx.text.handle_edit), (8 bytes).
    Removing main.o(.ARM.exidx.text.init_sys), (8 bytes).
    Removing main.o(.ARM.exidx.text._port_init), (8 bytes).
    Removing main.o(.ARM.exidx.text.WDOG_disable), (8 bytes).
    Removing main.o(.ARM.exidx.text.PORTE_IRQHandler), (8 bytes).
    Removing main.o(.ARM.exidx.text.LPIT0_Ch2_IRQHandler), (8 bytes).
    Removing main.o(.ARM.exidx.text.LPIT0_Ch3_IRQHandler), (8 bytes).
    Removing main.o(.ARM.exidx.text.LPUART1_RxTx_IRQHandler), (8 bytes).
    Removing main.o(.ARM.exidx.text.nvic_init), (8 bytes).
    Removing main.o(.rodata.cst8), (8 bytes).
    Removing main.o(.bss.LPUART1_receive_char.receive), (1 bytes).
    Removing main.o(.data.prev_car), (1 bytes).
    Removing main.o(.ARM.use_no_argv), (4 bytes).
    Removing clocks_and_modes.o(.text), (0 bytes).
    Removing clocks_and_modes.o(.ARM.exidx.text.SOSC_init_8MHz), (8 bytes).
    Removing clocks_and_modes.o(.ARM.exidx.text.SPLL_init_160MHz), (8 bytes).
    Removing clocks_and_modes.o(.ARM.exidx.text.NormalRUNmode_80MHz), (8 bytes).
    Removing lpit.o(.text), (0 bytes).
    Removing lpit.o(.text.lpit_init), (16 bytes).
    Removing lpit.o(.ARM.exidx.text.lpit_init), (8 bytes).
    Removing lpit.o(.ARM.exidx.text.LPIT0_init), (8 bytes).
    Removing lpit.o(.ARM.exidx.text.delay_ms), (8 bytes).
    Removing lpit.o(.ARM.exidx.text.delay_100ns), (8 bytes).
    Removing set.o(.text), (0 bytes).
    Removing set.o(.ARM.exidx.text.set_init), (8 bytes).
    Removing set.o(.ARM.exidx.text.set_add), (8 bytes).
    Removing set.o(.ARM.exidx.text.set_contains), (8 bytes).
    Removing set.o(.ARM.exidx.text.set_remove), (8 bytes).
    Removing set.o(.text.set_size), (14 bytes).
    Removing set.o(.ARM.exidx.text.set_size), (8 bytes).
    Removing startup.o(.text), (0 bytes).
    Removing startup.o(.ARM.exidx.text.init_data_bss), (8 bytes).
    Removing system_s32k144.o(.text), (0 bytes).
    Removing system_s32k144.o(.ARM.exidx.text.SystemInit), (8 bytes).
    Removing system_s32k144.o(.ARM.exidx.text.SystemCoreClockUpdate), (8 bytes).
    Removing system_s32k144.o(.text.SystemSoftwareReset), (48 bytes).
    Removing system_s32k144.o(.ARM.exidx.text.SystemSoftwareReset), (8 bytes).

88 unused section(s) (total 1014 bytes) removed from the image.

==============================================================================

Image Symbol Table

    Local Symbols

    Symbol Name                              Value     Ov Type        Size  Object(Section)

    ../clib/angel/boardlib.s                 0x00000000   Number         0  boardinit1.o ABSOLUTE
    ../clib/angel/boardlib.s                 0x00000000   Number         0  boardinit2.o ABSOLUTE
    ../clib/angel/boardlib.s                 0x00000000   Number         0  boardinit3.o ABSOLUTE
    ../clib/angel/boardlib.s                 0x00000000   Number         0  boardshut.o ABSOLUTE
    ../clib/angel/dczerorl.s                 0x00000000   Number         0  __dczerorl.o ABSOLUTE
    ../clib/angel/handlers.s                 0x00000000   Number         0  __scatter_zi.o ABSOLUTE
    ../clib/angel/kernel.s                   0x00000000   Number         0  __rtentry.o ABSOLUTE
    ../clib/angel/kernel.s                   0x00000000   Number         0  __rtentry2.o ABSOLUTE
    ../clib/angel/kernel.s                   0x00000000   Number         0  __rtentry4.o ABSOLUTE
    ../clib/angel/kernel.s                   0x00000000   Number         0  __rtentry7.o ABSOLUTE
    ../clib/angel/kernel.s                   0x00000000   Number         0  rtexit.o ABSOLUTE
    ../clib/angel/kernel.s                   0x00000000   Number         0  rtexit2.o ABSOLUTE
    ../clib/angel/rt.s                       0x00000000   Number         0  rt_raise.o ABSOLUTE
    ../clib/angel/scatter.s                  0x00000000   Number         0  __scatter.o ABSOLUTE
    ../clib/angel/startup.s                  0x00000000   Number         0  __main.o ABSOLUTE
    ../clib/angel/sys.s                      0x00000000   Number         0  sys_stackheap_outer.o ABSOLUTE
    ../clib/angel/sys.s                      0x00000000   Number         0  libspace.o ABSOLUTE
    ../clib/angel/sys.s                      0x00000000   Number         0  sys_stackheap.o ABSOLUTE
    ../clib/angel/sys.s                      0x00000000   Number         0  sys_stackheap_hlt.o ABSOLUTE
    ../clib/angel/sys.s                      0x00000000   Number         0  use_no_semi.o ABSOLUTE
    ../clib/angel/sys.s                      0x00000000   Number         0  indicate_semi.o ABSOLUTE
    ../clib/angel/sysapp.c                   0x00000000   Number         0  sys_exit.o ABSOLUTE
    ../clib/angel/sysapp.c                   0x00000000   Number         0  sys_exit_hlt.o ABSOLUTE
    ../clib/angel/sysapp.c                   0x00000000   Number         0  sys_command.o ABSOLUTE
    ../clib/angel/sysapp.c                   0x00000000   Number         0  sys_command_hlt.o ABSOLUTE
    ../clib/angel/sysapp.c                   0x00000000   Number         0  sys_wrch.o ABSOLUTE
    ../clib/angel/sysapp.c                   0x00000000   Number         0  sys_wrch_hlt.o ABSOLUTE
    ../clib/armsys.c                         0x00000000   Number         0  argv_veneer.o ABSOLUTE
    ../clib/armsys.c                         0x00000000   Number         0  argv_veneer.o ABSOLUTE
    ../clib/armsys.c                         0x00000000   Number         0  _get_argv_nomalloc.o ABSOLUTE
    ../clib/armsys.c                         0x00000000   Number         0  no_argv.o ABSOLUTE
    ../clib/heapalloc.c                      0x00000000   Number         0  hrguard.o ABSOLUTE
    ../clib/libinit.s                        0x00000000   Number         0  libinit.o ABSOLUTE
    ../clib/libinit.s                        0x00000000   Number         0  libinit2.o ABSOLUTE
    ../clib/libinit.s                        0x00000000   Number         0  libinit5.o ABSOLUTE
    ../clib/libinit.s                        0x00000000   Number         0  libshutdown.o ABSOLUTE
    ../clib/libinit.s                        0x00000000   Number         0  libshutdown2.o ABSOLUTE
    ../clib/signal.c                         0x00000000   Number         0  defsig_rtmem_outer.o ABSOLUTE
    ../clib/signal.c                         0x00000000   Number         0  defsig_rtmem_formal.o ABSOLUTE
    ../clib/signal.c                         0x00000000   Number         0  defsig_exit.o ABSOLUTE
    ../clib/signal.c                         0x00000000   Number         0  defsig_rtmem_inner.o ABSOLUTE
    ../clib/signal.c                         0x00000000   Number         0  __raise.o ABSOLUTE
    ../clib/signal.c                         0x00000000   Number         0  defsig_general.o ABSOLUTE
    ../clib/signal.c                         0x00000000   Number         0  defsig_abrt_inner.o ABSOLUTE
    ../clib/signal.c                         0x00000000   Number         0  defsig_fpe_inner.o ABSOLUTE
    ../clib/signal.c                         0x00000000   Number         0  defsig_rtred_inner.o ABSOLUTE
    ../clib/signal.c                         0x00000000   Number         0  defsig_stak_inner.o ABSOLUTE
    ../clib/signal.c                         0x00000000   Number         0  defsig_pvfn_inner.o ABSOLUTE
    ../clib/signal.c                         0x00000000   Number         0  defsig_cppl_inner.o ABSOLUTE
    ../clib/signal.c                         0x00000000   Number         0  defsig_segv_inner.o ABSOLUTE
    ../clib/signal.c                         0x00000000   Number         0  defsig_other.o ABSOLUTE
    ../clib/signal.s                         0x00000000   Number         0  defsig.o ABSOLUTE
    ../clib/stdlib.c                         0x00000000   Number         0  exit.o ABSOLUTE
    ../fplib/fpinit.s                        0x00000000   Number         0  fpinit.o ABSOLUTE
    RTE\Device\S32K144HAxxxLHx\startup_S32K144.S 0x00000000   Number         0  startup_s32k144.o ABSOLUTE
    clocks_and_modes.c                       0x00000000   Number         0  clocks_and_modes.o ABSOLUTE
    dc.s                                     0x00000000   Number         0  dc.o ABSOLUTE
    lpit.c                                   0x00000000   Number         0  lpit.o ABSOLUTE
    main.c                                   0x00000000   Number         0  main.o ABSOLUTE
    set.c                                    0x00000000   Number         0  set.o ABSOLUTE
    startup.c                                0x00000000   Number         0  startup.o ABSOLUTE
    system_S32K144.c                         0x00000000   Number         0  system_s32k144.o ABSOLUTE
    RESET                                    0x00000000   Section      560  startup_s32k144.o(RESET)
    FlashConfig                              0x00000400   Section       16  startup_s32k144.o(FlashConfig)
    .L__const.set_num.fnd_data               0x00000410   Data          40  main.o(.rodata..L__const.set_num.fnd_data)
    SystemCoreClockUpdate.fircFreq           0x00000438   Data           4  system_s32k144.o(.rodata.SystemCoreClockUpdate.fircFreq)
    [Anonymous Symbol]                       0x00000438   Section        0  system_s32k144.o(.rodata.SystemCoreClockUpdate.fircFreq)
    s_vectors                                0x0000043c   Data           4  startup.o(.rodata.s_vectors)
    [Anonymous Symbol]                       0x0000043c   Section        0  startup.o(.rodata.s_vectors)
    .L.str                                   0x00000440   Data           8  main.o(.rodata.str1.1)
    [Anonymous Symbol]                       0x00000440   Section        0  main.o(.rodata.str1.1)
    .L.str.1                                 0x00000448   Data           6  main.o(.rodata.str1.1)
    .L.str.2                                 0x0000044e   Data           6  main.o(.rodata.str1.1)
    !!!main                                  0x00000454   Section        8  __main.o(!!!main)
    !!!scatter                               0x0000045c   Section       92  __scatter.o(!!!scatter)
    !!dczerorl                               0x000004b8   Section       58  __dczerorl.o(!!dczerorl)
    !!handler_null                           0x000004f4   Section        2  __scatter.o(!!handler_null)
    !!handler_zi                             0x000004f8   Section       28  __scatter_zi.o(!!handler_zi)
    .ARM.Collect$$libinit$$00000000          0x00000514   Section        2  libinit.o(.ARM.Collect$$libinit$$00000000)
    .ARM.Collect$$libinit$$00000001          0x00000516   Section        4  libinit2.o(.ARM.Collect$$libinit$$00000001)
    .ARM.Collect$$libinit$$00000004          0x0000051a   Section        0  libinit2.o(.ARM.Collect$$libinit$$00000004)
    .ARM.Collect$$libinit$$00000006          0x0000051a   Section        0  libinit2.o(.ARM.Collect$$libinit$$00000006)
    .ARM.Collect$$libinit$$0000000C          0x0000051a   Section        0  libinit2.o(.ARM.Collect$$libinit$$0000000C)
    .ARM.Collect$$libinit$$0000000E          0x0000051a   Section        0  libinit2.o(.ARM.Collect$$libinit$$0000000E)
    .ARM.Collect$$libinit$$00000010          0x0000051a   Section        0  libinit2.o(.ARM.Collect$$libinit$$00000010)
    .ARM.Collect$$libinit$$00000013          0x0000051a   Section        0  libinit2.o(.ARM.Collect$$libinit$$00000013)
    .ARM.Collect$$libinit$$00000015          0x0000051a   Section        0  libinit2.o(.ARM.Collect$$libinit$$00000015)
    .ARM.Collect$$libinit$$00000017          0x0000051a   Section        0  libinit2.o(.ARM.Collect$$libinit$$00000017)
    .ARM.Collect$$libinit$$00000019          0x0000051a   Section        0  libinit2.o(.ARM.Collect$$libinit$$00000019)
    .ARM.Collect$$libinit$$0000001B          0x0000051a   Section        0  libinit2.o(.ARM.Collect$$libinit$$0000001B)
    .ARM.Collect$$libinit$$0000001D          0x0000051a   Section        0  libinit2.o(.ARM.Collect$$libinit$$0000001D)
    .ARM.Collect$$libinit$$0000001F          0x0000051a   Section        0  libinit2.o(.ARM.Collect$$libinit$$0000001F)
    .ARM.Collect$$libinit$$00000021          0x0000051a   Section        0  libinit2.o(.ARM.Collect$$libinit$$00000021)
    .ARM.Collect$$libinit$$00000023          0x0000051a   Section        0  libinit2.o(.ARM.Collect$$libinit$$00000023)
    .ARM.Collect$$libinit$$00000025          0x0000051a   Section        0  libinit2.o(.ARM.Collect$$libinit$$00000025)
    .ARM.Collect$$libinit$$00000027          0x0000051a   Section        0  libinit2.o(.ARM.Collect$$libinit$$00000027)
    .ARM.Collect$$libinit$$0000002E          0x0000051a   Section        0  libinit2.o(.ARM.Collect$$libinit$$0000002E)
    .ARM.Collect$$libinit$$00000030          0x0000051a   Section        0  libinit2.o(.ARM.Collect$$libinit$$00000030)
    .ARM.Collect$$libinit$$00000032          0x0000051a   Section        0  libinit2.o(.ARM.Collect$$libinit$$00000032)
    .ARM.Collect$$libinit$$00000034          0x0000051a   Section        0  libinit2.o(.ARM.Collect$$libinit$$00000034)
    .ARM.Collect$$libinit$$00000035          0x0000051a   Section        2  libinit2.o(.ARM.Collect$$libinit$$00000035)
    .ARM.Collect$$libshutdown$$00000000      0x0000051c   Section        2  libshutdown.o(.ARM.Collect$$libshutdown$$00000000)
    .ARM.Collect$$libshutdown$$00000002      0x0000051e   Section        0  libshutdown2.o(.ARM.Collect$$libshutdown$$00000002)
    .ARM.Collect$$libshutdown$$00000004      0x0000051e   Section        0  libshutdown2.o(.ARM.Collect$$libshutdown$$00000004)
    .ARM.Collect$$libshutdown$$00000007      0x0000051e   Section        0  libshutdown2.o(.ARM.Collect$$libshutdown$$00000007)
    .ARM.Collect$$libshutdown$$0000000A      0x0000051e   Section        0  libshutdown2.o(.ARM.Collect$$libshutdown$$0000000A)
    .ARM.Collect$$libshutdown$$0000000C      0x0000051e   Section        0  libshutdown2.o(.ARM.Collect$$libshutdown$$0000000C)
    .ARM.Collect$$libshutdown$$0000000F      0x0000051e   Section        0  libshutdown2.o(.ARM.Collect$$libshutdown$$0000000F)
    .ARM.Collect$$libshutdown$$00000010      0x0000051e   Section        2  libshutdown2.o(.ARM.Collect$$libshutdown$$00000010)
    .ARM.Collect$$rtentry$$00000000          0x00000520   Section        0  __rtentry.o(.ARM.Collect$$rtentry$$00000000)
    .ARM.Collect$$rtentry$$00000002          0x00000520   Section        0  __rtentry2.o(.ARM.Collect$$rtentry$$00000002)
    .ARM.Collect$$rtentry$$00000007          0x00000520   Section        4  __rtentry7.o(.ARM.Collect$$rtentry$$00000007)
    .ARM.Collect$$rtentry$$00000009          0x00000524   Section        0  __rtentry2.o(.ARM.Collect$$rtentry$$00000009)
    .ARM.Collect$$rtentry$$0000000A          0x00000524   Section        4  __rtentry2.o(.ARM.Collect$$rtentry$$0000000A)
    .ARM.Collect$$rtentry$$0000000C          0x00000528   Section        0  __rtentry2.o(.ARM.Collect$$rtentry$$0000000C)
    .ARM.Collect$$rtentry$$0000000D          0x00000528   Section        8  __rtentry2.o(.ARM.Collect$$rtentry$$0000000D)
    __lit__00000000                          0x00000530   Data           4  __rtentry7.o(.ARM.Collect$$rtentry$$00002718)
    .ARM.Collect$$rtentry$$00002718          0x00000530   Section        4  __rtentry7.o(.ARM.Collect$$rtentry$$00002718)
    .ARM.Collect$$rtexit$$00000000           0x00000534   Section        2  rtexit.o(.ARM.Collect$$rtexit$$00000000)
    .ARM.Collect$$rtexit$$00000002           0x00000536   Section        0  rtexit2.o(.ARM.Collect$$rtexit$$00000002)
    .ARM.Collect$$rtexit$$00000003           0x00000536   Section        4  rtexit2.o(.ARM.Collect$$rtexit$$00000003)
    .ARM.Collect$$rtexit$$00000004           0x0000053a   Section        6  rtexit2.o(.ARM.Collect$$rtexit$$00000004)
    .text                                    0x00000540   Section      156  startup_s32k144.o(.text)
    $v0                                      0x00000594   Number         0  startup_s32k144.o(.text)
    .text                                    0x000005dc   Section        0  exit.o(.text)
    .text                                    0x000005ee   Section        2  use_no_semi.o(.text)
    .text                                    0x000005f0   Section        0  indicate_semi.o(.text)
    .text                                    0x000005f0   Section        0  sys_exit.o(.text)
    [Anonymous Symbol]                       0x000005fc   Section        0  main.o(.text.LPIT0_Ch2_IRQHandler)
    [Anonymous Symbol]                       0x00000674   Section        0  main.o(.text.LPIT0_Ch3_IRQHandler)
    [Anonymous Symbol]                       0x000006a4   Section        0  lpit.o(.text.LPIT0_init)
    [Anonymous Symbol]                       0x00000740   Section        0  main.o(.text.LPUART1_RxTx_IRQHandler)
    [Anonymous Symbol]                       0x0000077c   Section        0  main.o(.text.LPUART1_init)
    [Anonymous Symbol]                       0x000007d4   Section        0  main.o(.text.LPUART1_transmit_char)
    [Anonymous Symbol]                       0x00000808   Section        0  main.o(.text.LPUART1_transmit_string)
    [Anonymous Symbol]                       0x00000834   Section        0  clocks_and_modes.o(.text.NormalRUNmode_80MHz)
    [Anonymous Symbol]                       0x00000870   Section        0  main.o(.text.PORTE_IRQHandler)
    [Anonymous Symbol]                       0x00000948   Section        0  clocks_and_modes.o(.text.SOSC_init_8MHz)
    [Anonymous Symbol]                       0x0000099c   Section        0  clocks_and_modes.o(.text.SPLL_init_160MHz)
    [Anonymous Symbol]                       0x00000a20   Section        0  system_s32k144.o(.text.SystemCoreClockUpdate)
    [Anonymous Symbol]                       0x00000b20   Section        0  system_s32k144.o(.text.SystemInit)
    [Anonymous Symbol]                       0x00000b74   Section        0  main.o(.text.WDOG_disable)
    [Anonymous Symbol]                       0x00000ba4   Section        0  main.o(.text._port_init)
    [Anonymous Symbol]                       0x00000c28   Section        0  main.o(.text.buzzer_init)
    [Anonymous Symbol]                       0x00000c48   Section        0  main.o(.text.buzzer_set)
    [Anonymous Symbol]                       0x00000c78   Section        0  main.o(.text.buzzer_toggle)
    [Anonymous Symbol]                       0x00000c88   Section        0  main.o(.text.check_around)
    [Anonymous Symbol]                       0x00000cd0   Section        0  main.o(.text.check_ship)
    [Anonymous Symbol]                       0x00000d50   Section        0  lpit.o(.text.delay_100ns)
    [Anonymous Symbol]                       0x00000dc4   Section        0  lpit.o(.text.delay_ms)
    [Anonymous Symbol]                       0x00000df8   Section        0  main.o(.text.end_edit_mode)
    [Anonymous Symbol]                       0x00000e10   Section        0  main.o(.text.ftm_servo_init)
    [Anonymous Symbol]                       0x00000e70   Section        0  main.o(.text.handle_edit)
    [Anonymous Symbol]                       0x00000edc   Section        0  startup.o(.text.init_data_bss)
    [Anonymous Symbol]                       0x00000f7c   Section        0  main.o(.text.init_sys)
    [Anonymous Symbol]                       0x00000fc4   Section        0  main.o(.text.key_scan)
    [Anonymous Symbol]                       0x00001180   Section        0  main.o(.text.keypad_clear)
    [Anonymous Symbol]                       0x0000119c   Section        0  main.o(.text.keypad_get_input)
    [Anonymous Symbol]                       0x000011fc   Section        0  main.o(.text.keypad_get_mode)
    [Anonymous Symbol]                       0x00001268   Section        0  main.o(.text.led_car_mode)
    [Anonymous Symbol]                       0x0000128c   Section        0  main.o(.text.led_init)
    [Anonymous Symbol]                       0x000012f4   Section        0  main.o(.text.led_set_car_green)
    [Anonymous Symbol]                       0x00001324   Section        0  main.o(.text.led_set_car_red)
    [Anonymous Symbol]                       0x00001354   Section        0  main.o(.text.led_set_ship_green)
    [Anonymous Symbol]                       0x00001384   Section        0  main.o(.text.led_set_ship_red)
    [Anonymous Symbol]                       0x000013b4   Section        0  main.o(.text.led_set_system_green)
    [Anonymous Symbol]                       0x000013e4   Section        0  main.o(.text.led_ship_mode)
    [Anonymous Symbol]                       0x00001408   Section        0  main.o(.text.led_toggle_all)
    [Anonymous Symbol]                       0x0000141c   Section        0  main.o(.text.main)
    [Anonymous Symbol]                       0x000014f4   Section        0  main.o(.text.nvic_init)
    [Anonymous Symbol]                       0x00001574   Section        0  main.o(.text.print_digit)
    [Anonymous Symbol]                       0x000015d0   Section        0  main.o(.text.segment_init)
    [Anonymous Symbol]                       0x00001618   Section        0  main.o(.text.servo_car_mode)
    [Anonymous Symbol]                       0x0000162c   Section        0  main.o(.text.servo_init)
    [Anonymous Symbol]                       0x00001648   Section        0  main.o(.text.servo_set_angle)
    [Anonymous Symbol]                       0x000016b0   Section        0  main.o(.text.servo_ship_mode)
    [Anonymous Symbol]                       0x000016c4   Section        0  set.o(.text.set_add)
    [Anonymous Symbol]                       0x00001768   Section        0  main.o(.text.set_car_mode)
    [Anonymous Symbol]                       0x000017a4   Section        0  set.o(.text.set_contains)
    [Anonymous Symbol]                       0x00001820   Section        0  main.o(.text.set_edit_mode)
    [Anonymous Symbol]                       0x00001834   Section        0  main.o(.text.set_emergency_mode)
    [Anonymous Symbol]                       0x00001864   Section        0  set.o(.text.set_init)
    [Anonymous Symbol]                       0x00001874   Section        0  main.o(.text.set_num)
    [Anonymous Symbol]                       0x00001914   Section        0  set.o(.text.set_remove)
    [Anonymous Symbol]                       0x0000199c   Section        0  main.o(.text.set_ship_mode)
    [Anonymous Symbol]                       0x000019d0   Section        0  main.o(.text.show_system_ready)
    [Anonymous Symbol]                       0x000019dc   Section        0  main.o(.text.step_clear)
    [Anonymous Symbol]                       0x000019f8   Section        0  main.o(.text.step_close)
    [Anonymous Symbol]                       0x00001b00   Section        0  main.o(.text.step_init)
    [Anonymous Symbol]                       0x00001b4c   Section        0  main.o(.text.step_open)
    $v0                                      0x00001c52   Number         0  fpinit.o(x$fpl$fpinit)
    x$fpl$fpinit                             0x00001c52   Section       26  fpinit.o(x$fpl$fpinit)

    Global Symbols

    Symbol Name                              Value     Ov Type        Size  Object(Section)

    BuildAttributes$$THM_ISAv4$E$P$D$K$B$S$7EM$VFPi3$EXTD16$VFPS$VFMA$PE$A:L22UL41UL21$X:L11$S22US41US21$IEEE1$IW$~IW$USESV6$~STKCKD$USESV7$~SHL$OSPACE$ROPI$EBA8$UX$STANDARDLIB$REQ8$PRES8$EABIv2 0x00000000   Number         0  anon$$obj.o ABSOLUTE
    Image$$RW_m_code$$Length                 0x00000000   Number         0  anon$$obj.o ABSOLUTE
    Image$$VECTOR_RAM$$Length                0x00000000   Number         0  anon$$obj.o ABSOLUTE
    Image$$VECTOR_ROM$$Base                  0x00000000   Number         0  anon$$obj.o ABSOLUTE
    __Vectors                                0x00000000   Data           4  startup_s32k144.o(RESET)
    Image$$ZI$$Limit                          - Undefined Weak Reference
    __ARM_exceptions_init                     - Undefined Weak Reference
    __alloca_initialize                       - Undefined Weak Reference
    __arm_preinit_                            - Undefined Weak Reference
    __arm_relocate_pie_                       - Undefined Weak Reference
    __cpp_initialize__aeabi_                  - Undefined Weak Reference
    __cxa_finalize                            - Undefined Weak Reference
    __rt_locale                               - Undefined Weak Reference
    __sigvec_lookup                           - Undefined Weak Reference
    _atexit_init                              - Undefined Weak Reference
    _call_atexit_fns                          - Undefined Weak Reference
    _clock_init                               - Undefined Weak Reference
    _fp_trap_init                             - Undefined Weak Reference
    _fp_trap_shutdown                         - Undefined Weak Reference
    _get_lc_collate                           - Undefined Weak Reference
    _get_lc_ctype                             - Undefined Weak Reference
    _get_lc_monetary                          - Undefined Weak Reference
    _get_lc_numeric                           - Undefined Weak Reference
    _get_lc_time                              - Undefined Weak Reference
    _getenv_init                              - Undefined Weak Reference
    _handle_redirection                       - Undefined Weak Reference
    _init_alloc                               - Undefined Weak Reference
    _init_user_alloc                          - Undefined Weak Reference
    _initio                                   - Undefined Weak Reference
    _rand_init                                - Undefined Weak Reference
    _signal_finish                            - Undefined Weak Reference
    _signal_init                              - Undefined Weak Reference
    _terminate_alloc                          - Undefined Weak Reference
    _terminate_user_alloc                     - Undefined Weak Reference
    _terminateio                              - Undefined Weak Reference
    Image$$RW_m_data$$Length                 0x000001c0   Number         0  anon$$obj.o ABSOLUTE
    Image$$VECTOR_ROM$$Length                0x00000230   Number         0  anon$$obj.o ABSOLUTE
    Image$$VECTOR_ROM$$Limit                 0x00000230   Number         0  anon$$obj.o ABSOLUTE
    Image$$ER_m_text_const$$Base             0x00000410   Number         0  anon$$obj.o ABSOLUTE
    Image$$ER_m_text_const$$Limit            0x00000454   Number         0  anon$$obj.o ABSOLUTE
    __main                                   0x00000455   Thumb Code     8  __main.o(!!!main)
    __scatterload                            0x0000045d   Thumb Code     0  __scatter.o(!!!scatter)
    __scatterload_rt2                        0x0000045d   Thumb Code    84  __scatter.o(!!!scatter)
    __scatterload_rt2_thumb_only             0x0000045d   Thumb Code     0  __scatter.o(!!!scatter)
    __scatterload_loop                       0x00000467   Thumb Code     0  __scatter.o(!!!scatter)
    __decompress                             0x000004b9   Thumb Code    58  __dczerorl.o(!!dczerorl)
    __decompress0                            0x000004b9   Thumb Code     0  __dczerorl.o(!!dczerorl)
    __scatterload_null                       0x000004f5   Thumb Code     2  __scatter.o(!!handler_null)
    __scatterload_zeroinit                   0x000004f9   Thumb Code    28  __scatter_zi.o(!!handler_zi)
    __rt_lib_init                            0x00000515   Thumb Code     0  libinit.o(.ARM.Collect$$libinit$$00000000)
    __rt_lib_init_fp_1                       0x00000517   Thumb Code     0  libinit2.o(.ARM.Collect$$libinit$$00000001)
    __rt_lib_init_alloca_1                   0x0000051b   Thumb Code     0  libinit2.o(.ARM.Collect$$libinit$$00000030)
    __rt_lib_init_argv_1                     0x0000051b   Thumb Code     0  libinit2.o(.ARM.Collect$$libinit$$0000002E)
    __rt_lib_init_atexit_1                   0x0000051b   Thumb Code     0  libinit2.o(.ARM.Collect$$libinit$$0000001D)
    __rt_lib_init_clock_1                    0x0000051b   Thumb Code     0  libinit2.o(.ARM.Collect$$libinit$$00000023)
    __rt_lib_init_cpp_1                      0x0000051b   Thumb Code     0  libinit2.o(.ARM.Collect$$libinit$$00000034)
    __rt_lib_init_exceptions_1               0x0000051b   Thumb Code     0  libinit2.o(.ARM.Collect$$libinit$$00000032)
    __rt_lib_init_fp_trap_1                  0x0000051b   Thumb Code     0  libinit2.o(.ARM.Collect$$libinit$$00000021)
    __rt_lib_init_getenv_1                   0x0000051b   Thumb Code     0  libinit2.o(.ARM.Collect$$libinit$$00000025)
    __rt_lib_init_heap_1                     0x0000051b   Thumb Code     0  libinit2.o(.ARM.Collect$$libinit$$0000000C)
    __rt_lib_init_lc_collate_1               0x0000051b   Thumb Code     0  libinit2.o(.ARM.Collect$$libinit$$00000013)
    __rt_lib_init_lc_ctype_1                 0x0000051b   Thumb Code     0  libinit2.o(.ARM.Collect$$libinit$$00000015)
    __rt_lib_init_lc_monetary_1              0x0000051b   Thumb Code     0  libinit2.o(.ARM.Collect$$libinit$$00000017)
    __rt_lib_init_lc_numeric_1               0x0000051b   Thumb Code     0  libinit2.o(.ARM.Collect$$libinit$$00000019)
    __rt_lib_init_lc_time_1                  0x0000051b   Thumb Code     0  libinit2.o(.ARM.Collect$$libinit$$0000001B)
    __rt_lib_init_preinit_1                  0x0000051b   Thumb Code     0  libinit2.o(.ARM.Collect$$libinit$$00000006)
    __rt_lib_init_rand_1                     0x0000051b   Thumb Code     0  libinit2.o(.ARM.Collect$$libinit$$00000010)
    __rt_lib_init_relocate_pie_1             0x0000051b   Thumb Code     0  libinit2.o(.ARM.Collect$$libinit$$00000004)
    __rt_lib_init_return                     0x0000051b   Thumb Code     0  libinit2.o(.ARM.Collect$$libinit$$00000035)
    __rt_lib_init_signal_1                   0x0000051b   Thumb Code     0  libinit2.o(.ARM.Collect$$libinit$$0000001F)
    __rt_lib_init_stdio_1                    0x0000051b   Thumb Code     0  libinit2.o(.ARM.Collect$$libinit$$00000027)
    __rt_lib_init_user_alloc_1               0x0000051b   Thumb Code     0  libinit2.o(.ARM.Collect$$libinit$$0000000E)
    __rt_lib_shutdown                        0x0000051d   Thumb Code     0  libshutdown.o(.ARM.Collect$$libshutdown$$00000000)
    __rt_lib_shutdown_cpp_1                  0x0000051f   Thumb Code     0  libshutdown2.o(.ARM.Collect$$libshutdown$$00000002)
    __rt_lib_shutdown_fp_trap_1              0x0000051f   Thumb Code     0  libshutdown2.o(.ARM.Collect$$libshutdown$$00000007)
    __rt_lib_shutdown_heap_1                 0x0000051f   Thumb Code     0  libshutdown2.o(.ARM.Collect$$libshutdown$$0000000F)
    __rt_lib_shutdown_return                 0x0000051f   Thumb Code     0  libshutdown2.o(.ARM.Collect$$libshutdown$$00000010)
    __rt_lib_shutdown_signal_1               0x0000051f   Thumb Code     0  libshutdown2.o(.ARM.Collect$$libshutdown$$0000000A)
    __rt_lib_shutdown_stdio_1                0x0000051f   Thumb Code     0  libshutdown2.o(.ARM.Collect$$libshutdown$$00000004)
    __rt_lib_shutdown_user_alloc_1           0x0000051f   Thumb Code     0  libshutdown2.o(.ARM.Collect$$libshutdown$$0000000C)
    __rt_entry                               0x00000521   Thumb Code     0  __rtentry.o(.ARM.Collect$$rtentry$$00000000)
    __rt_entry_presh_1                       0x00000521   Thumb Code     0  __rtentry2.o(.ARM.Collect$$rtentry$$00000002)
    __rt_entry_sh                            0x00000521   Thumb Code     0  __rtentry7.o(.ARM.Collect$$rtentry$$00000007)
    __rt_entry_li                            0x00000525   Thumb Code     0  __rtentry2.o(.ARM.Collect$$rtentry$$0000000A)
    __rt_entry_postsh_1                      0x00000525   Thumb Code     0  __rtentry2.o(.ARM.Collect$$rtentry$$00000009)
    __rt_entry_main                          0x00000529   Thumb Code     0  __rtentry2.o(.ARM.Collect$$rtentry$$0000000D)
    __rt_entry_postli_1                      0x00000529   Thumb Code     0  __rtentry2.o(.ARM.Collect$$rtentry$$0000000C)
    __rt_exit                                0x00000535   Thumb Code     0  rtexit.o(.ARM.Collect$$rtexit$$00000000)
    __rt_exit_ls                             0x00000537   Thumb Code     0  rtexit2.o(.ARM.Collect$$rtexit$$00000003)
    __rt_exit_prels_1                        0x00000537   Thumb Code     0  rtexit2.o(.ARM.Collect$$rtexit$$00000002)
    __rt_exit_exit                           0x0000053b   Thumb Code     0  rtexit2.o(.ARM.Collect$$rtexit$$00000004)
    __RAM_VECTOR_TABLE_SIZE                  0x00000540   Data           4  startup_s32k144.o(.text)
    __VECTOR_RAM                             0x00000544   Data           4  startup_s32k144.o(.text)
    __VECTOR_ROM                             0x00000548   Data           4  startup_s32k144.o(.text)
    __VECTOR_ROM_START                       0x0000054c   Data           4  startup_s32k144.o(.text)
    __VECTOR_ROM_END                         0x00000550   Data           4  startup_s32k144.o(.text)
    __CODE_ROM                               0x00000554   Data           4  startup_s32k144.o(.text)
    __CODE_END                               0x00000558   Data           4  startup_s32k144.o(.text)
    __CODE_RAM                               0x0000055c   Data           4  startup_s32k144.o(.text)
    __CODE_RAM_START                         0x00000560   Data           4  startup_s32k144.o(.text)
    __CODE_RAM_END                           0x00000564   Data           4  startup_s32k144.o(.text)
    __BSS_START                              0x00000568   Data           4  startup_s32k144.o(.text)
    __BSS_END                                0x0000056c   Data           4  startup_s32k144.o(.text)
    __DATA_RAM                               0x00000570   Data           4  startup_s32k144.o(.text)
    __DATA_RAM_START                         0x00000574   Data           4  startup_s32k144.o(.text)
    __DATA_RAM_END                           0x00000578   Data           4  startup_s32k144.o(.text)
    __DATA_ROM                               0x0000057c   Data           4  startup_s32k144.o(.text)
    __DATA_END                               0x00000580   Data           4  startup_s32k144.o(.text)
    __CUSTOM_SECTION_START                   0x00000584   Data           4  startup_s32k144.o(.text)
    __CUSTOM_SECTION_END                     0x00000588   Data           4  startup_s32k144.o(.text)
    __RAM_START                              0x0000058c   Data           4  startup_s32k144.o(.text)
    __RAM_END                                0x00000590   Data           4  startup_s32k144.o(.text)
    Reset_Handler                            0x00000595   Thumb Code    28  startup_s32k144.o(.text)
    NMI_Handler                              0x000005b1   Thumb Code     2  startup_s32k144.o(.text)
    HardFault_Handler                        0x000005b3   Thumb Code     2  startup_s32k144.o(.text)
    MemManage_Handler                        0x000005b5   Thumb Code     2  startup_s32k144.o(.text)
    BusFault_Handler                         0x000005b7   Thumb Code     2  startup_s32k144.o(.text)
    UsageFault_Handler                       0x000005b9   Thumb Code     2  startup_s32k144.o(.text)
    SVC_Handler                              0x000005bb   Thumb Code     2  startup_s32k144.o(.text)
    DebugMon_Handler                         0x000005bd   Thumb Code     2  startup_s32k144.o(.text)
    PendSV_Handler                           0x000005bf   Thumb Code     2  startup_s32k144.o(.text)
    SysTick_Handler                          0x000005c1   Thumb Code     2  startup_s32k144.o(.text)
    DefaultISR                               0x000005c3   Thumb Code     2  startup_s32k144.o(.text)
    ADC0_IRQHandler                          0x000005c5   Thumb Code     0  startup_s32k144.o(.text)
    ADC1_IRQHandler                          0x000005c5   Thumb Code     0  startup_s32k144.o(.text)
    CAN0_Error_IRQHandler                    0x000005c5   Thumb Code     0  startup_s32k144.o(.text)
    CAN0_ORed_0_15_MB_IRQHandler             0x000005c5   Thumb Code     0  startup_s32k144.o(.text)
    CAN0_ORed_16_31_MB_IRQHandler            0x000005c5   Thumb Code     0  startup_s32k144.o(.text)
    CAN0_ORed_IRQHandler                     0x000005c5   Thumb Code     0  startup_s32k144.o(.text)
    CAN0_Wake_Up_IRQHandler                  0x000005c5   Thumb Code     0  startup_s32k144.o(.text)
    CAN1_Error_IRQHandler                    0x000005c5   Thumb Code     0  startup_s32k144.o(.text)
    CAN1_ORed_0_15_MB_IRQHandler             0x000005c5   Thumb Code     0  startup_s32k144.o(.text)
    CAN1_ORed_IRQHandler                     0x000005c5   Thumb Code     0  startup_s32k144.o(.text)
    CAN2_Error_IRQHandler                    0x000005c5   Thumb Code     0  startup_s32k144.o(.text)
    CAN2_ORed_0_15_MB_IRQHandler             0x000005c5   Thumb Code     0  startup_s32k144.o(.text)
    CAN2_ORed_IRQHandler                     0x000005c5   Thumb Code     0  startup_s32k144.o(.text)
    CMP0_IRQHandler                          0x000005c5   Thumb Code     0  startup_s32k144.o(.text)
    DMA0_IRQHandler                          0x000005c5   Thumb Code     0  startup_s32k144.o(.text)
    DMA10_IRQHandler                         0x000005c5   Thumb Code     0  startup_s32k144.o(.text)
    DMA11_IRQHandler                         0x000005c5   Thumb Code     0  startup_s32k144.o(.text)
    DMA12_IRQHandler                         0x000005c5   Thumb Code     0  startup_s32k144.o(.text)
    DMA13_IRQHandler                         0x000005c5   Thumb Code     0  startup_s32k144.o(.text)
    DMA14_IRQHandler                         0x000005c5   Thumb Code     0  startup_s32k144.o(.text)
    DMA15_IRQHandler                         0x000005c5   Thumb Code     0  startup_s32k144.o(.text)
    DMA1_IRQHandler                          0x000005c5   Thumb Code     0  startup_s32k144.o(.text)
    DMA2_IRQHandler                          0x000005c5   Thumb Code     0  startup_s32k144.o(.text)
    DMA3_IRQHandler                          0x000005c5   Thumb Code     0  startup_s32k144.o(.text)
    DMA4_IRQHandler                          0x000005c5   Thumb Code     0  startup_s32k144.o(.text)
    DMA5_IRQHandler                          0x000005c5   Thumb Code     0  startup_s32k144.o(.text)
    DMA6_IRQHandler                          0x000005c5   Thumb Code     0  startup_s32k144.o(.text)
    DMA7_IRQHandler                          0x000005c5   Thumb Code     0  startup_s32k144.o(.text)
    DMA8_IRQHandler                          0x000005c5   Thumb Code     0  startup_s32k144.o(.text)
    DMA9_IRQHandler                          0x000005c5   Thumb Code     0  startup_s32k144.o(.text)
    DMA_Error_IRQHandler                     0x000005c5   Thumb Code     0  startup_s32k144.o(.text)
    ERM_double_fault_IRQHandler              0x000005c5   Thumb Code     0  startup_s32k144.o(.text)
    ERM_single_fault_IRQHandler              0x000005c5   Thumb Code     0  startup_s32k144.o(.text)
    FLEXIO_IRQHandler                        0x000005c5   Thumb Code     0  startup_s32k144.o(.text)
    FTFC_Fault_IRQHandler                    0x000005c5   Thumb Code     0  startup_s32k144.o(.text)
    FTFC_IRQHandler                          0x000005c5   Thumb Code     0  startup_s32k144.o(.text)
    FTM0_Ch0_Ch1_IRQHandler                  0x000005c5   Thumb Code     0  startup_s32k144.o(.text)
    FTM0_Ch2_Ch3_IRQHandler                  0x000005c5   Thumb Code     0  startup_s32k144.o(.text)
    FTM0_Ch4_Ch5_IRQHandler                  0x000005c5   Thumb Code     0  startup_s32k144.o(.text)
    FTM0_Ch6_Ch7_IRQHandler                  0x000005c5   Thumb Code     0  startup_s32k144.o(.text)
    FTM0_Fault_IRQHandler                    0x000005c5   Thumb Code     0  startup_s32k144.o(.text)
    FTM0_Ovf_Reload_IRQHandler               0x000005c5   Thumb Code     0  startup_s32k144.o(.text)
    FTM1_Ch0_Ch1_IRQHandler                  0x000005c5   Thumb Code     0  startup_s32k144.o(.text)
    FTM1_Ch2_Ch3_IRQHandler                  0x000005c5   Thumb Code     0  startup_s32k144.o(.text)
    FTM1_Ch4_Ch5_IRQHandler                  0x000005c5   Thumb Code     0  startup_s32k144.o(.text)
    FTM1_Ch6_Ch7_IRQHandler                  0x000005c5   Thumb Code     0  startup_s32k144.o(.text)
    FTM1_Fault_IRQHandler                    0x000005c5   Thumb Code     0  startup_s32k144.o(.text)
    FTM1_Ovf_Reload_IRQHandler               0x000005c5   Thumb Code     0  startup_s32k144.o(.text)
    FTM2_Ch0_Ch1_IRQHandler                  0x000005c5   Thumb Code     0  startup_s32k144.o(.text)
    FTM2_Ch2_Ch3_IRQHandler                  0x000005c5   Thumb Code     0  startup_s32k144.o(.text)
    FTM2_Ch4_Ch5_IRQHandler                  0x000005c5   Thumb Code     0  startup_s32k144.o(.text)
    FTM2_Ch6_Ch7_IRQHandler                  0x000005c5   Thumb Code     0  startup_s32k144.o(.text)
    FTM2_Fault_IRQHandler                    0x000005c5   Thumb Code     0  startup_s32k144.o(.text)
    FTM2_Ovf_Reload_IRQHandler               0x000005c5   Thumb Code     0  startup_s32k144.o(.text)
    FTM3_Ch0_Ch1_IRQHandler                  0x000005c5   Thumb Code     0  startup_s32k144.o(.text)
    FTM3_Ch2_Ch3_IRQHandler                  0x000005c5   Thumb Code     0  startup_s32k144.o(.text)
    FTM3_Ch4_Ch5_IRQHandler                  0x000005c5   Thumb Code     0  startup_s32k144.o(.text)
    FTM3_Ch6_Ch7_IRQHandler                  0x000005c5   Thumb Code     0  startup_s32k144.o(.text)
    FTM3_Fault_IRQHandler                    0x000005c5   Thumb Code     0  startup_s32k144.o(.text)
    FTM3_Ovf_Reload_IRQHandler               0x000005c5   Thumb Code     0  startup_s32k144.o(.text)
    LPI2C0_Master_IRQHandler                 0x000005c5   Thumb Code     0  startup_s32k144.o(.text)
    LPI2C0_Slave_IRQHandler                  0x000005c5   Thumb Code     0  startup_s32k144.o(.text)
    LPIT0_Ch0_IRQHandler                     0x000005c5   Thumb Code     0  startup_s32k144.o(.text)
    LPIT0_Ch1_IRQHandler                     0x000005c5   Thumb Code     0  startup_s32k144.o(.text)
    LPSPI0_IRQHandler                        0x000005c5   Thumb Code     0  startup_s32k144.o(.text)
    LPSPI1_IRQHandler                        0x000005c5   Thumb Code     0  startup_s32k144.o(.text)
    LPSPI2_IRQHandler                        0x000005c5   Thumb Code     0  startup_s32k144.o(.text)
    LPTMR0_IRQHandler                        0x000005c5   Thumb Code     0  startup_s32k144.o(.text)
    LPUART0_RxTx_IRQHandler                  0x000005c5   Thumb Code     0  startup_s32k144.o(.text)
    LPUART2_RxTx_IRQHandler                  0x000005c5   Thumb Code     0  startup_s32k144.o(.text)
    LVD_LVW_IRQHandler                       0x000005c5   Thumb Code     0  startup_s32k144.o(.text)
    MCM_IRQHandler                           0x000005c5   Thumb Code     0  startup_s32k144.o(.text)
    PDB0_IRQHandler                          0x000005c5   Thumb Code     0  startup_s32k144.o(.text)
    PDB1_IRQHandler                          0x000005c5   Thumb Code     0  startup_s32k144.o(.text)
    PORTA_IRQHandler                         0x000005c5   Thumb Code     0  startup_s32k144.o(.text)
    PORTB_IRQHandler                         0x000005c5   Thumb Code     0  startup_s32k144.o(.text)
    PORTC_IRQHandler                         0x000005c5   Thumb Code     0  startup_s32k144.o(.text)
    PORTD_IRQHandler                         0x000005c5   Thumb Code     0  startup_s32k144.o(.text)
    RCM_IRQHandler                           0x000005c5   Thumb Code     0  startup_s32k144.o(.text)
    RTC_IRQHandler                           0x000005c5   Thumb Code     0  startup_s32k144.o(.text)
    RTC_Seconds_IRQHandler                   0x000005c5   Thumb Code     0  startup_s32k144.o(.text)
    Read_Collision_IRQHandler                0x000005c5   Thumb Code     0  startup_s32k144.o(.text)
    Reserved100_IRQHandler                   0x000005c5   Thumb Code     0  startup_s32k144.o(.text)
    Reserved103_IRQHandler                   0x000005c5   Thumb Code     0  startup_s32k144.o(.text)
    Reserved105_IRQHandler                   0x000005c5   Thumb Code     0  startup_s32k144.o(.text)
    Reserved106_IRQHandler                   0x000005c5   Thumb Code     0  startup_s32k144.o(.text)
    Reserved107_IRQHandler                   0x000005c5   Thumb Code     0  startup_s32k144.o(.text)
    Reserved110_IRQHandler                   0x000005c5   Thumb Code     0  startup_s32k144.o(.text)
    Reserved112_IRQHandler                   0x000005c5   Thumb Code     0  startup_s32k144.o(.text)
    Reserved113_IRQHandler                   0x000005c5   Thumb Code     0  startup_s32k144.o(.text)
    Reserved114_IRQHandler                   0x000005c5   Thumb Code     0  startup_s32k144.o(.text)
    Reserved45_IRQHandler                    0x000005c5   Thumb Code     0  startup_s32k144.o(.text)
    Reserved46_IRQHandler                    0x000005c5   Thumb Code     0  startup_s32k144.o(.text)
    Reserved48_IRQHandler                    0x000005c5   Thumb Code     0  startup_s32k144.o(.text)
    Reserved50_IRQHandler                    0x000005c5   Thumb Code     0  startup_s32k144.o(.text)
    Reserved52_IRQHandler                    0x000005c5   Thumb Code     0  startup_s32k144.o(.text)
    Reserved53_IRQHandler                    0x000005c5   Thumb Code     0  startup_s32k144.o(.text)
    Reserved54_IRQHandler                    0x000005c5   Thumb Code     0  startup_s32k144.o(.text)
    Reserved58_IRQHandler                    0x000005c5   Thumb Code     0  startup_s32k144.o(.text)
    Reserved59_IRQHandler                    0x000005c5   Thumb Code     0  startup_s32k144.o(.text)
    Reserved69_IRQHandler                    0x000005c5   Thumb Code     0  startup_s32k144.o(.text)
    Reserved70_IRQHandler                    0x000005c5   Thumb Code     0  startup_s32k144.o(.text)
    Reserved71_IRQHandler                    0x000005c5   Thumb Code     0  startup_s32k144.o(.text)
    Reserved72_IRQHandler                    0x000005c5   Thumb Code     0  startup_s32k144.o(.text)
    Reserved81_IRQHandler                    0x000005c5   Thumb Code     0  startup_s32k144.o(.text)
    Reserved82_IRQHandler                    0x000005c5   Thumb Code     0  startup_s32k144.o(.text)
    Reserved83_IRQHandler                    0x000005c5   Thumb Code     0  startup_s32k144.o(.text)
    Reserved86_IRQHandler                    0x000005c5   Thumb Code     0  startup_s32k144.o(.text)
    Reserved87_IRQHandler                    0x000005c5   Thumb Code     0  startup_s32k144.o(.text)
    Reserved88_IRQHandler                    0x000005c5   Thumb Code     0  startup_s32k144.o(.text)
    Reserved89_IRQHandler                    0x000005c5   Thumb Code     0  startup_s32k144.o(.text)
    Reserved90_IRQHandler                    0x000005c5   Thumb Code     0  startup_s32k144.o(.text)
    Reserved91_IRQHandler                    0x000005c5   Thumb Code     0  startup_s32k144.o(.text)
    Reserved92_IRQHandler                    0x000005c5   Thumb Code     0  startup_s32k144.o(.text)
    Reserved93_IRQHandler                    0x000005c5   Thumb Code     0  startup_s32k144.o(.text)
    Reserved99_IRQHandler                    0x000005c5   Thumb Code     0  startup_s32k144.o(.text)
    SCG_IRQHandler                           0x000005c5   Thumb Code     0  startup_s32k144.o(.text)
    SWI_IRQHandler                           0x000005c5   Thumb Code     0  startup_s32k144.o(.text)
    WDOG_EWM_IRQHandler                      0x000005c5   Thumb Code     0  startup_s32k144.o(.text)
    exit                                     0x000005dd   Thumb Code    18  exit.o(.text)
    __I$use$semihosting                      0x000005ef   Thumb Code     0  use_no_semi.o(.text)
    __use_no_semihosting_swi                 0x000005ef   Thumb Code     2  use_no_semi.o(.text)
    __semihosting_library_function           0x000005f1   Thumb Code     0  indicate_semi.o(.text)
    _sys_exit                                0x000005f1   Thumb Code     8  sys_exit.o(.text)
    LPIT0_Ch2_IRQHandler                     0x000005fd   Thumb Code   118  main.o(.text.LPIT0_Ch2_IRQHandler)
    LPIT0_Ch3_IRQHandler                     0x00000675   Thumb Code    46  main.o(.text.LPIT0_Ch3_IRQHandler)
    LPIT0_init                               0x000006a5   Thumb Code   154  lpit.o(.text.LPIT0_init)
    LPUART1_RxTx_IRQHandler                  0x00000741   Thumb Code    60  main.o(.text.LPUART1_RxTx_IRQHandler)
    LPUART1_init                             0x0000077d   Thumb Code    88  main.o(.text.LPUART1_init)
    LPUART1_transmit_char                    0x000007d5   Thumb Code    52  main.o(.text.LPUART1_transmit_char)
    LPUART1_transmit_string                  0x00000809   Thumb Code    44  main.o(.text.LPUART1_transmit_string)
    NormalRUNmode_80MHz                      0x00000835   Thumb Code    60  clocks_and_modes.o(.text.NormalRUNmode_80MHz)
    PORTE_IRQHandler                         0x00000871   Thumb Code   214  main.o(.text.PORTE_IRQHandler)
    SOSC_init_8MHz                           0x00000949   Thumb Code    84  clocks_and_modes.o(.text.SOSC_init_8MHz)
    SPLL_init_160MHz                         0x0000099d   Thumb Code   132  clocks_and_modes.o(.text.SPLL_init_160MHz)
    SystemCoreClockUpdate                    0x00000a21   Thumb Code   254  system_s32k144.o(.text.SystemCoreClockUpdate)
    SystemInit                               0x00000b21   Thumb Code    82  system_s32k144.o(.text.SystemInit)
    WDOG_disable                             0x00000b75   Thumb Code    48  main.o(.text.WDOG_disable)
    _port_init                               0x00000ba5   Thumb Code   132  main.o(.text._port_init)
    buzzer_init                              0x00000c29   Thumb Code    32  main.o(.text.buzzer_init)
    buzzer_set                               0x00000c49   Thumb Code    48  main.o(.text.buzzer_set)
    buzzer_toggle                            0x00000c79   Thumb Code    14  main.o(.text.buzzer_toggle)
    check_around                             0x00000c89   Thumb Code    70  main.o(.text.check_around)
    check_ship                               0x00000cd1   Thumb Code   128  main.o(.text.check_ship)
    delay_100ns                              0x00000d51   Thumb Code   116  lpit.o(.text.delay_100ns)
    delay_ms                                 0x00000dc5   Thumb Code    52  lpit.o(.text.delay_ms)
    end_edit_mode                            0x00000df9   Thumb Code    24  main.o(.text.end_edit_mode)
    ftm_servo_init                           0x00000e11   Thumb Code    94  main.o(.text.ftm_servo_init)
    handle_edit                              0x00000e71   Thumb Code   106  main.o(.text.handle_edit)
    init_data_bss                            0x00000edd   Thumb Code   160  startup.o(.text.init_data_bss)
    init_sys                                 0x00000f7d   Thumb Code    72  main.o(.text.init_sys)
    key_scan                                 0x00000fc5   Thumb Code   444  main.o(.text.key_scan)
    keypad_clear                             0x00001181   Thumb Code    28  main.o(.text.keypad_clear)
    keypad_get_input                         0x0000119d   Thumb Code    94  main.o(.text.keypad_get_input)
    keypad_get_mode                          0x000011fd   Thumb Code   108  main.o(.text.keypad_get_mode)
    led_car_mode                             0x00001269   Thumb Code    36  main.o(.text.led_car_mode)
    led_init                                 0x0000128d   Thumb Code   104  main.o(.text.led_init)
    led_set_car_green                        0x000012f5   Thumb Code    48  main.o(.text.led_set_car_green)
    led_set_car_red                          0x00001325   Thumb Code    48  main.o(.text.led_set_car_red)
    led_set_ship_green                       0x00001355   Thumb Code    48  main.o(.text.led_set_ship_green)
    led_set_ship_red                         0x00001385   Thumb Code    48  main.o(.text.led_set_ship_red)
    led_set_system_green                     0x000013b5   Thumb Code    48  main.o(.text.led_set_system_green)
    led_ship_mode                            0x000013e5   Thumb Code    36  main.o(.text.led_ship_mode)
    led_toggle_all                           0x00001409   Thumb Code    18  main.o(.text.led_toggle_all)
    main                                     0x0000141d   Thumb Code   216  main.o(.text.main)
    nvic_init                                0x000014f5   Thumb Code   126  main.o(.text.nvic_init)
    print_digit                              0x00001575   Thumb Code    90  main.o(.text.print_digit)
    segment_init                             0x000015d1   Thumb Code    70  main.o(.text.segment_init)
    servo_car_mode                           0x00001619   Thumb Code    20  main.o(.text.servo_car_mode)
    servo_init                               0x0000162d   Thumb Code    26  main.o(.text.servo_init)
    servo_set_angle                          0x00001649   Thumb Code   102  main.o(.text.servo_set_angle)
    servo_ship_mode                          0x000016b1   Thumb Code    20  main.o(.text.servo_ship_mode)
    set_add                                  0x000016c5   Thumb Code   164  set.o(.text.set_add)
    set_car_mode                             0x00001769   Thumb Code    58  main.o(.text.set_car_mode)
    set_contains                             0x000017a5   Thumb Code   122  set.o(.text.set_contains)
    set_edit_mode                            0x00001821   Thumb Code    20  main.o(.text.set_edit_mode)
    set_emergency_mode                       0x00001835   Thumb Code    46  main.o(.text.set_emergency_mode)
    set_init                                 0x00001865   Thumb Code    16  set.o(.text.set_init)
    set_num                                  0x00001875   Thumb Code   160  main.o(.text.set_num)
    set_remove                               0x00001915   Thumb Code   134  set.o(.text.set_remove)
    set_ship_mode                            0x0000199d   Thumb Code    52  main.o(.text.set_ship_mode)
    show_system_ready                        0x000019d1   Thumb Code    10  main.o(.text.show_system_ready)
    step_clear                               0x000019dd   Thumb Code    26  main.o(.text.step_clear)
    step_close                               0x000019f9   Thumb Code   262  main.o(.text.step_close)
    step_init                                0x00001b01   Thumb Code    74  main.o(.text.step_init)
    step_open                                0x00001b4d   Thumb Code   262  main.o(.text.step_open)
    _fp_init                                 0x00001c53   Thumb Code    26  fpinit.o(x$fpl$fpinit)
    __fplib_config_fpu_vfp                   0x00001c6b   Thumb Code     0  fpinit.o(x$fpl$fpinit)
    __fplib_config_pureend_doubles           0x00001c6b   Thumb Code     0  fpinit.o(x$fpl$fpinit)
    Region$$Table$$Base                      0x00001c6c   Number         0  anon$$obj.o(Region$$Table)
    Image$$ER_m_text$$Limit                  0x00001c8c   Number         0  anon$$obj.o ABSOLUTE
    Region$$Table$$Limit                     0x00001c8c   Number         0  anon$$obj.o(Region$$Table)
    Image$$VECTOR_RAM$$Base                  0x1fff8000   Number         0  anon$$obj.o ABSOLUTE
    Image$$RW_m_data$$Base                   0x1fff8400   Number         0  anon$$obj.o ABSOLUTE
    SystemCoreClock                          0x1fff8400   Data           4  system_s32k144.o(.data.SystemCoreClock)
    system                                   0x1fff8404   Data         444  main.o(.data.system)
    Image$$RW_m_code$$Base                   0x1fff85c0   Number         0  anon$$obj.o ABSOLUTE
    Image$$RW_m_code$$Limit                  0x1fff85c0   Number         0  anon$$obj.o ABSOLUTE
    Image$$RW_m_data$$Limit                  0x1fff85c0   Number         0  anon$$obj.o ABSOLUTE
    Image$$RW_m_custom_section$$Base         0x20000000   Number         0  anon$$obj.o ABSOLUTE
    Image$$RW_m_custom_section$$Limit        0x20000000   Number         0  anon$$obj.o ABSOLUTE
    Image$$RW_m_data_2$$ZI$$Base             0x20000000   Number         0  anon$$obj.o ABSOLUTE
    STEP_LAST                                0x20000000   Data           4  main.o(.bss.STEP_LAST)
    input                                    0x20000004   Data           1  main.o(.bss.input)
    mode                                     0x20000008   Data           4  main.o(.bss.mode)
    Image$$ARM_LIB_HEAP$$ZI$$Base            0x2000000c   Number         0  anon$$obj.o ABSOLUTE
    Image$$RW_m_data_2$$ZI$$Limit            0x2000000c   Number         0  anon$$obj.o ABSOLUTE
    Image$$ARM_LIB_HEAP$$ZI$$Limit           0x2000040c   Number         0  anon$$obj.o ABSOLUTE
    Image$$ARM_LIB_STACK$$Limit              0x20006c00   Number         0  anon$$obj.o ABSOLUTE
    Image$$ARM_LIB_STACK$$ZI$$Limit          0x20007000   Number         0  anon$$obj.o ABSOLUTE



==============================================================================

Memory Map of the image

  Image Entry point : 0x00000455

  Load Region LR_m_text (Base: 0x00000000, Size: 0x00001e4c, Max: 0x00080000, ABSOLUTE, COMPRESSED[0x00001ca0])

    Execution Region VECTOR_ROM (Exec base: 0x00000000, Load base: 0x00000000, Size: 0x00000230, Max: 0x00000400, ABSOLUTE)

    Exec Addr    Load Addr    Size         Type   Attr      Idx    E Section Name        Object

    0x00000000   0x00000000   0x00000230   Data   RO          184    RESET               startup_s32k144.o


    Execution Region ER_m_flash_config (Exec base: 0x00000400, Load base: 0x00000400, Size: 0x00000010, Max: 0x00000010, ABSOLUTE, FIXED)

    Exec Addr    Load Addr    Size         Type   Attr      Idx    E Section Name        Object

    0x00000400   0x00000400   0x00000010   Data   RO          185    FlashConfig         startup_s32k144.o


    Execution Region ER_m_text_const (Exec base: 0x00000410, Load base: 0x00000410, Size: 0x00000044, Max: 0xffffffff, ABSOLUTE)

    Exec Addr    Load Addr    Size         Type   Attr      Idx    E Section Name        Object

    0x00000410   0x00000410   0x00000028   Data   RO          113    .rodata..L__const.set_num.fnd_data  main.o
    0x00000438   0x00000438   0x00000004   Data   RO          199    .rodata.SystemCoreClockUpdate.fircFreq  system_s32k144.o
    0x0000043c   0x0000043c   0x00000004   Data   RO          177    .rodata.s_vectors   startup.o
    0x00000440   0x00000440   0x00000014   Data   RO          121    .rodata.str1.1      main.o


    Execution Region ER_m_text (Exec base: 0x00000454, Load base: 0x00000454, Size: 0x00001838, Max: 0x0007fbf0, ABSOLUTE)

    Exec Addr    Load Addr    Size         Type   Attr      Idx    E Section Name        Object

    0x00000454   0x00000454   0x00000008   Code   RO          208  * !!!main             c_w.l(__main.o)
    0x0000045c   0x0000045c   0x0000005c   Code   RO          388    !!!scatter          c_w.l(__scatter.o)
    0x000004b8   0x000004b8   0x0000003a   Code   RO          386    !!dczerorl          c_w.l(__dczerorl.o)
    0x000004f2   0x000004f2   0x00000002   PAD
    0x000004f4   0x000004f4   0x00000002   Code   RO          389    !!handler_null      c_w.l(__scatter.o)
    0x000004f6   0x000004f6   0x00000002   PAD
    0x000004f8   0x000004f8   0x0000001c   Code   RO          392    !!handler_zi        c_w.l(__scatter_zi.o)
    0x00000514   0x00000514   0x00000002   Code   RO          240    .ARM.Collect$$libinit$$00000000  c_w.l(libinit.o)
    0x00000516   0x00000516   0x00000004   Code   RO          250    .ARM.Collect$$libinit$$00000001  c_w.l(libinit2.o)
    0x0000051a   0x0000051a   0x00000000   Code   RO          253    .ARM.Collect$$libinit$$00000004  c_w.l(libinit2.o)
    0x0000051a   0x0000051a   0x00000000   Code   RO          255    .ARM.Collect$$libinit$$00000006  c_w.l(libinit2.o)
    0x0000051a   0x0000051a   0x00000000   Code   RO          258    .ARM.Collect$$libinit$$0000000C  c_w.l(libinit2.o)
    0x0000051a   0x0000051a   0x00000000   Code   RO          260    .ARM.Collect$$libinit$$0000000E  c_w.l(libinit2.o)
    0x0000051a   0x0000051a   0x00000000   Code   RO          262    .ARM.Collect$$libinit$$00000010  c_w.l(libinit2.o)
    0x0000051a   0x0000051a   0x00000000   Code   RO          265    .ARM.Collect$$libinit$$00000013  c_w.l(libinit2.o)
    0x0000051a   0x0000051a   0x00000000   Code   RO          267    .ARM.Collect$$libinit$$00000015  c_w.l(libinit2.o)
    0x0000051a   0x0000051a   0x00000000   Code   RO          269    .ARM.Collect$$libinit$$00000017  c_w.l(libinit2.o)
    0x0000051a   0x0000051a   0x00000000   Code   RO          271    .ARM.Collect$$libinit$$00000019  c_w.l(libinit2.o)
    0x0000051a   0x0000051a   0x00000000   Code   RO          273    .ARM.Collect$$libinit$$0000001B  c_w.l(libinit2.o)
    0x0000051a   0x0000051a   0x00000000   Code   RO          275    .ARM.Collect$$libinit$$0000001D  c_w.l(libinit2.o)
    0x0000051a   0x0000051a   0x00000000   Code   RO          277    .ARM.Collect$$libinit$$0000001F  c_w.l(libinit2.o)
    0x0000051a   0x0000051a   0x00000000   Code   RO          279    .ARM.Collect$$libinit$$00000021  c_w.l(libinit2.o)
    0x0000051a   0x0000051a   0x00000000   Code   RO          281    .ARM.Collect$$libinit$$00000023  c_w.l(libinit2.o)
    0x0000051a   0x0000051a   0x00000000   Code   RO          283    .ARM.Collect$$libinit$$00000025  c_w.l(libinit2.o)
    0x0000051a   0x0000051a   0x00000000   Code   RO          285    .ARM.Collect$$libinit$$00000027  c_w.l(libinit2.o)
    0x0000051a   0x0000051a   0x00000000   Code   RO          289    .ARM.Collect$$libinit$$0000002E  c_w.l(libinit2.o)
    0x0000051a   0x0000051a   0x00000000   Code   RO          291    .ARM.Collect$$libinit$$00000030  c_w.l(libinit2.o)
    0x0000051a   0x0000051a   0x00000000   Code   RO          293    .ARM.Collect$$libinit$$00000032  c_w.l(libinit2.o)
    0x0000051a   0x0000051a   0x00000000   Code   RO          295    .ARM.Collect$$libinit$$00000034  c_w.l(libinit2.o)
    0x0000051a   0x0000051a   0x00000002   Code   RO          296    .ARM.Collect$$libinit$$00000035  c_w.l(libinit2.o)
    0x0000051c   0x0000051c   0x00000002   Code   RO          325    .ARM.Collect$$libshutdown$$00000000  c_w.l(libshutdown.o)
    0x0000051e   0x0000051e   0x00000000   Code   RO          337    .ARM.Collect$$libshutdown$$00000002  c_w.l(libshutdown2.o)
    0x0000051e   0x0000051e   0x00000000   Code   RO          339    .ARM.Collect$$libshutdown$$00000004  c_w.l(libshutdown2.o)
    0x0000051e   0x0000051e   0x00000000   Code   RO          342    .ARM.Collect$$libshutdown$$00000007  c_w.l(libshutdown2.o)
    0x0000051e   0x0000051e   0x00000000   Code   RO          345    .ARM.Collect$$libshutdown$$0000000A  c_w.l(libshutdown2.o)
    0x0000051e   0x0000051e   0x00000000   Code   RO          347    .ARM.Collect$$libshutdown$$0000000C  c_w.l(libshutdown2.o)
    0x0000051e   0x0000051e   0x00000000   Code   RO          350    .ARM.Collect$$libshutdown$$0000000F  c_w.l(libshutdown2.o)
    0x0000051e   0x0000051e   0x00000002   Code   RO          351    .ARM.Collect$$libshutdown$$00000010  c_w.l(libshutdown2.o)
    0x00000520   0x00000520   0x00000000   Code   RO          210    .ARM.Collect$$rtentry$$00000000  c_w.l(__rtentry.o)
    0x00000520   0x00000520   0x00000000   Code   RO          212    .ARM.Collect$$rtentry$$00000002  c_w.l(__rtentry2.o)
    0x00000520   0x00000520   0x00000004   Code   RO          226    .ARM.Collect$$rtentry$$00000007  c_w.l(__rtentry7.o)
    0x00000524   0x00000524   0x00000000   Code   RO          214    .ARM.Collect$$rtentry$$00000009  c_w.l(__rtentry2.o)
    0x00000524   0x00000524   0x00000004   Code   RO          215    .ARM.Collect$$rtentry$$0000000A  c_w.l(__rtentry2.o)
    0x00000528   0x00000528   0x00000000   Code   RO          217    .ARM.Collect$$rtentry$$0000000C  c_w.l(__rtentry2.o)
    0x00000528   0x00000528   0x00000008   Code   RO          218    .ARM.Collect$$rtentry$$0000000D  c_w.l(__rtentry2.o)
    0x00000530   0x00000530   0x00000004   Code   RO          227    .ARM.Collect$$rtentry$$00002718  c_w.l(__rtentry7.o)
    0x00000534   0x00000534   0x00000002   Code   RO          248    .ARM.Collect$$rtexit$$00000000  c_w.l(rtexit.o)
    0x00000536   0x00000536   0x00000000   Code   RO          305    .ARM.Collect$$rtexit$$00000002  c_w.l(rtexit2.o)
    0x00000536   0x00000536   0x00000004   Code   RO          306    .ARM.Collect$$rtexit$$00000003  c_w.l(rtexit2.o)
    0x0000053a   0x0000053a   0x00000006   Code   RO          307    .ARM.Collect$$rtexit$$00000004  c_w.l(rtexit2.o)
    0x00000540   0x00000540   0x0000009c   Code   RO          183    .text               startup_s32k144.o
    0x000005dc   0x000005dc   0x00000012   Code   RO          233    .text               c_w.l(exit.o)
    0x000005ee   0x000005ee   0x00000002   Code   RO          301    .text               c_w.l(use_no_semi.o)
    0x000005f0   0x000005f0   0x00000000   Code   RO          303    .text               c_w.l(indicate_semi.o)
    0x000005f0   0x000005f0   0x0000000c   Code   RO          315    .text               c_w.l(sys_exit.o)
    0x000005fc   0x000005fc   0x00000076   Code   RO          105    .text.LPIT0_Ch2_IRQHandler  main.o
    0x00000672   0x00000672   0x00000002   PAD
    0x00000674   0x00000674   0x0000002e   Code   RO          107    .text.LPIT0_Ch3_IRQHandler  main.o
    0x000006a2   0x000006a2   0x00000002   PAD
    0x000006a4   0x000006a4   0x0000009a   Code   RO          145    .text.LPIT0_init    lpit.o
    0x0000073e   0x0000073e   0x00000002   PAD
    0x00000740   0x00000740   0x0000003c   Code   RO          109    .text.LPUART1_RxTx_IRQHandler  main.o
    0x0000077c   0x0000077c   0x00000058   Code   RO           67    .text.LPUART1_init  main.o
    0x000007d4   0x000007d4   0x00000034   Code   RO           69    .text.LPUART1_transmit_char  main.o
    0x00000808   0x00000808   0x0000002c   Code   RO           71    .text.LPUART1_transmit_string  main.o
    0x00000834   0x00000834   0x0000003c   Code   RO          134    .text.NormalRUNmode_80MHz  clocks_and_modes.o
    0x00000870   0x00000870   0x000000d6   Code   RO          103    .text.PORTE_IRQHandler  main.o
    0x00000946   0x00000946   0x00000002   PAD
    0x00000948   0x00000948   0x00000054   Code   RO          130    .text.SOSC_init_8MHz  clocks_and_modes.o
    0x0000099c   0x0000099c   0x00000084   Code   RO          132    .text.SPLL_init_160MHz  clocks_and_modes.o
    0x00000a20   0x00000a20   0x000000fe   Code   RO          194    .text.SystemCoreClockUpdate  system_s32k144.o
    0x00000b1e   0x00000b1e   0x00000002   PAD
    0x00000b20   0x00000b20   0x00000052   Code   RO          192    .text.SystemInit    system_s32k144.o
    0x00000b72   0x00000b72   0x00000002   PAD
    0x00000b74   0x00000b74   0x00000030   Code   RO          101    .text.WDOG_disable  main.o
    0x00000ba4   0x00000ba4   0x00000084   Code   RO           99    .text._port_init    main.o
    0x00000c28   0x00000c28   0x00000020   Code   RO           11    .text.buzzer_init   main.o
    0x00000c48   0x00000c48   0x00000030   Code   RO           13    .text.buzzer_set    main.o
    0x00000c78   0x00000c78   0x0000000e   Code   RO           15    .text.buzzer_toggle  main.o
    0x00000c86   0x00000c86   0x00000002   PAD
    0x00000c88   0x00000c88   0x00000046   Code   RO           91    .text.check_around  main.o
    0x00000cce   0x00000cce   0x00000002   PAD
    0x00000cd0   0x00000cd0   0x00000080   Code   RO           93    .text.check_ship    main.o
    0x00000d50   0x00000d50   0x00000074   Code   RO          149    .text.delay_100ns   lpit.o
    0x00000dc4   0x00000dc4   0x00000034   Code   RO          147    .text.delay_ms      lpit.o
    0x00000df8   0x00000df8   0x00000018   Code   RO           79    .text.end_edit_mode  main.o
    0x00000e10   0x00000e10   0x0000005e   Code   RO           53    .text.ftm_servo_init  main.o
    0x00000e6e   0x00000e6e   0x00000002   PAD
    0x00000e70   0x00000e70   0x0000006a   Code   RO           95    .text.handle_edit   main.o
    0x00000eda   0x00000eda   0x00000002   PAD
    0x00000edc   0x00000edc   0x000000a0   Code   RO          175    .text.init_data_bss  startup.o
    0x00000f7c   0x00000f7c   0x00000048   Code   RO           97    .text.init_sys      main.o
    0x00000fc4   0x00000fc4   0x000001bc   Code   RO           59    .text.key_scan      main.o
    0x00001180   0x00001180   0x0000001c   Code   RO           65    .text.keypad_clear  main.o
    0x0000119c   0x0000119c   0x0000005e   Code   RO           63    .text.keypad_get_input  main.o
    0x000011fa   0x000011fa   0x00000002   PAD
    0x000011fc   0x000011fc   0x0000006c   Code   RO           61    .text.keypad_get_mode  main.o
    0x00001268   0x00001268   0x00000024   Code   RO           37    .text.led_car_mode  main.o
    0x0000128c   0x0000128c   0x00000068   Code   RO           25    .text.led_init      main.o
    0x000012f4   0x000012f4   0x00000030   Code   RO           27    .text.led_set_car_green  main.o
    0x00001324   0x00001324   0x00000030   Code   RO           29    .text.led_set_car_red  main.o
    0x00001354   0x00001354   0x00000030   Code   RO           31    .text.led_set_ship_green  main.o
    0x00001384   0x00001384   0x00000030   Code   RO           33    .text.led_set_ship_red  main.o
    0x000013b4   0x000013b4   0x00000030   Code   RO           35    .text.led_set_system_green  main.o
    0x000013e4   0x000013e4   0x00000024   Code   RO           39    .text.led_ship_mode  main.o
    0x00001408   0x00001408   0x00000012   Code   RO           43    .text.led_toggle_all  main.o
    0x0000141a   0x0000141a   0x00000002   PAD
    0x0000141c   0x0000141c   0x000000d8   Code   RO           77    .text.main          main.o
    0x000014f4   0x000014f4   0x0000007e   Code   RO          111    .text.nvic_init     main.o
    0x00001572   0x00001572   0x00000002   PAD
    0x00001574   0x00001574   0x0000005a   Code   RO            9    .text.print_digit   main.o
    0x000015ce   0x000015ce   0x00000002   PAD
    0x000015d0   0x000015d0   0x00000046   Code   RO            5    .text.segment_init  main.o
    0x00001616   0x00001616   0x00000002   PAD
    0x00001618   0x00001618   0x00000014   Code   RO           49    .text.servo_car_mode  main.o
    0x0000162c   0x0000162c   0x0000001a   Code   RO           45    .text.servo_init    main.o
    0x00001646   0x00001646   0x00000002   PAD
    0x00001648   0x00001648   0x00000066   Code   RO           47    .text.servo_set_angle  main.o
    0x000016ae   0x000016ae   0x00000002   PAD
    0x000016b0   0x000016b0   0x00000014   Code   RO           51    .text.servo_ship_mode  main.o
    0x000016c4   0x000016c4   0x000000a4   Code   RO          160    .text.set_add       set.o
    0x00001768   0x00001768   0x0000003a   Code   RO           85    .text.set_car_mode  main.o
    0x000017a2   0x000017a2   0x00000002   PAD
    0x000017a4   0x000017a4   0x0000007a   Code   RO          162    .text.set_contains  set.o
    0x0000181e   0x0000181e   0x00000002   PAD
    0x00001820   0x00001820   0x00000014   Code   RO           81    .text.set_edit_mode  main.o
    0x00001834   0x00001834   0x0000002e   Code   RO           83    .text.set_emergency_mode  main.o
    0x00001862   0x00001862   0x00000002   PAD
    0x00001864   0x00001864   0x00000010   Code   RO          158    .text.set_init      set.o
    0x00001874   0x00001874   0x000000a0   Code   RO            7    .text.set_num       main.o
    0x00001914   0x00001914   0x00000086   Code   RO          164    .text.set_remove    set.o
    0x0000199a   0x0000199a   0x00000002   PAD
    0x0000199c   0x0000199c   0x00000034   Code   RO           87    .text.set_ship_mode  main.o
    0x000019d0   0x000019d0   0x0000000a   Code   RO           89    .text.show_system_ready  main.o
    0x000019da   0x000019da   0x00000002   PAD
    0x000019dc   0x000019dc   0x0000001a   Code   RO           19    .text.step_clear    main.o
    0x000019f6   0x000019f6   0x00000002   PAD
    0x000019f8   0x000019f8   0x00000106   Code   RO           23    .text.step_close    main.o
    0x00001afe   0x00001afe   0x00000002   PAD
    0x00001b00   0x00001b00   0x0000004a   Code   RO           17    .text.step_init     main.o
    0x00001b4a   0x00001b4a   0x00000002   PAD
    0x00001b4c   0x00001b4c   0x00000106   Code   RO           21    .text.step_open     main.o
    0x00001c52   0x00001c52   0x0000001a   Code   RO          313    x$fpl$fpinit        fz_wm.l(fpinit.o)
    0x00001c6c   0x00001c6c   0x00000020   Data   RO          385    Region$$Table       anon$$obj.o


    Execution Region VECTOR_RAM (Exec base: 0x1fff8000, Load base: 0x00000230, Size: 0x00000400, Max: 0x00000400, ABSOLUTE)

    Exec Addr    Load Addr    Size         Type   Attr      Idx    E Section Name        Object

    0x1fff8000        -       0x00000400   Zero   RW            1    VECTOR_RAM.bss      anon$$obj.o


    Execution Region RW_m_data (Exec base: 0x1fff8400, Load base: 0x00001c8c, Size: 0x000001c0, Max: 0xffffffff, ABSOLUTE, COMPRESSED[0x00000014])

    Exec Addr    Load Addr    Size         Type   Attr      Idx    E Section Name        Object

    0x1fff8400   COMPRESSED   0x00000004   Data   RW          198    .data.SystemCoreClock  system_s32k144.o
    0x1fff8404   COMPRESSED   0x000001bc   Data   RW          120    .data.system        main.o


    Execution Region RW_m_code (Exec base: 0x1fff85c0, Load base: 0x00001ca0, Size: 0x00000000, Max: 0x00007c00, ABSOLUTE)

    **** No section assigned to this execution region ****


    Execution Region RW_m_custom_section (Exec base: 0x20000000, Load base: 0x00001ca0, Size: 0x00000000, Max: 0xffffffff, ABSOLUTE)

    **** No section assigned to this execution region ****


    Execution Region RW_m_data_2 (Exec base: 0x20000000, Load base: 0x00001ca0, Size: 0x0000000c, Max: 0x00006800, ABSOLUTE)

    Exec Addr    Load Addr    Size         Type   Attr      Idx    E Section Name        Object

    0x20000000        -       0x00000004   Zero   RW          115    .bss.STEP_LAST      main.o
    0x20000004        -       0x00000001   Zero   RW          116    .bss.input          main.o
    0x20000005   0x00001ca0   0x00000003   PAD
    0x20000008        -       0x00000004   Zero   RW          117    .bss.mode           main.o


    Execution Region ARM_LIB_HEAP (Exec base: 0x2000000c, Load base: 0x00001ca0, Size: 0x00000400, Max: 0x00000400, ABSOLUTE)

    Exec Addr    Load Addr    Size         Type   Attr      Idx    E Section Name        Object

    0x2000000c        -       0x00000400   Zero   RW            2    ARM_LIB_HEAP.bss    anon$$obj.o


    Execution Region ARM_LIB_STACK (Exec base: 0x20006c00, Load base: 0x00001ca0, Size: 0x00000400, Max: 0x00000400, ABSOLUTE)

    Exec Addr    Load Addr    Size         Type   Attr      Idx    E Section Name        Object

    0x20006c00        -       0x00000400   Zero   RW            3    ARM_LIB_STACK.bss   anon$$obj.o


==============================================================================

Image component sizes


      Code (inc. data)   RO Data    RW Data    ZI Data      Debug   Object Name

       276          0          0          0          0       1706   clocks_and_modes.o
       322          0          0          0          0       1661   lpit.o
      4138          4         60        444          9      13759   main.o
       436          0          0          0          0       1624   set.o
       160          0          4          0          0       1084   startup.o
       156        106        576          0          0        912   startup_s32k144.o
       336          6          4          4          0       2854   system_s32k144.o

    ----------------------------------------------------------------------
      5874        116        676        448       3084      23600   Object Totals
         0          0         32          0       3072          0   (incl. Generated)
        50          0          0          0          3          0   (incl. Padding)

    ----------------------------------------------------------------------

      Code (inc. data)   RO Data    RW Data    ZI Data      Debug   Library Member Name

        58          0          0          0          0          0   __dczerorl.o
         8          0          0          0          0         68   __main.o
         0          0          0          0          0          0   __rtentry.o
        12          0          0          0          0          0   __rtentry2.o
         8          4          0          0          0          0   __rtentry7.o
        94          8          0          0          0          0   __scatter.o
        28          0          0          0          0          0   __scatter_zi.o
        18          0          0          0          0         80   exit.o
         0          0          0          0          0          0   indicate_semi.o
         2          0          0          0          0          0   libinit.o
         6          0          0          0          0          0   libinit2.o
         2          0          0          0          0          0   libshutdown.o
         2          0          0          0          0          0   libshutdown2.o
         2          0          0          0          0          0   rtexit.o
        10          0          0          0          0          0   rtexit2.o
        12          4          0          0          0         68   sys_exit.o
         2          0          0          0          0         68   use_no_semi.o
        26          0          0          0          0        116   fpinit.o

    ----------------------------------------------------------------------
       294         16          0          0          0        400   Library Totals
         4          0          0          0          0          0   (incl. Padding)

    ----------------------------------------------------------------------

      Code (inc. data)   RO Data    RW Data    ZI Data      Debug   Library Name

       264         16          0          0          0        284   c_w.l
        26          0          0          0          0        116   fz_wm.l

    ----------------------------------------------------------------------
       294         16          0          0          0        400   Library Totals

    ----------------------------------------------------------------------

==============================================================================


      Code (inc. data)   RO Data    RW Data    ZI Data      Debug   

      6168        132        676        448       3084      23968   Grand Totals
      6168        132        676         20       3084      23968   ELF Image Totals (compressed)
      6168        132        676         20          0          0   ROM Totals

==============================================================================

    Total RO  Size (Code + RO Data)                 6844 (   6.68kB)
    Total RW  Size (RW Data + ZI Data)              3532 (   3.45kB)
    Total ROM Size (Code + RO Data + RW Data)       6864 (   6.70kB)

==============================================================================

